Archive member included to satisfy reference by file (symbol)

/opt/st/stm32cubeide_1.10.1/plugins/com.st.stm32cube.ide.mcu.externaltools.gnu-tools-for-stm32.10.3-2021.10.linux64_1.0.200.202301161003/tools/bin/../lib/gcc/arm-none-eabi/10.3.1/../../../../arm-none-eabi/lib/thumb/v7e-m+fp/hard/libc_nano.a(lib_a-errno.o)
                              ./Core/Src/syscalls.o (__errno)
/opt/st/stm32cubeide_1.10.1/plugins/com.st.stm32cube.ide.mcu.externaltools.gnu-tools-for-stm32.10.3-2021.10.linux64_1.0.200.202301161003/tools/bin/../lib/gcc/arm-none-eabi/10.3.1/../../../../arm-none-eabi/lib/thumb/v7e-m+fp/hard/libc_nano.a(lib_a-exit.o)
                              /opt/st/stm32cubeide_1.10.1/plugins/com.st.stm32cube.ide.mcu.externaltools.gnu-tools-for-stm32.10.3-2021.10.linux64_1.0.200.202301161003/tools/bin/../lib/gcc/arm-none-eabi/10.3.1/../../../../arm-none-eabi/lib/thumb/v7e-m+fp/hard/crt0.o (exit)
/opt/st/stm32cubeide_1.10.1/plugins/com.st.stm32cube.ide.mcu.externaltools.gnu-tools-for-stm32.10.3-2021.10.linux64_1.0.200.202301161003/tools/bin/../lib/gcc/arm-none-eabi/10.3.1/../../../../arm-none-eabi/lib/thumb/v7e-m+fp/hard/libc_nano.a(lib_a-impure.o)
                              /opt/st/stm32cubeide_1.10.1/plugins/com.st.stm32cube.ide.mcu.externaltools.gnu-tools-for-stm32.10.3-2021.10.linux64_1.0.200.202301161003/tools/bin/../lib/gcc/arm-none-eabi/10.3.1/../../../../arm-none-eabi/lib/thumb/v7e-m+fp/hard/libc_nano.a(lib_a-exit.o) (_global_impure_ptr)
/opt/st/stm32cubeide_1.10.1/plugins/com.st.stm32cube.ide.mcu.externaltools.gnu-tools-for-stm32.10.3-2021.10.linux64_1.0.200.202301161003/tools/bin/../lib/gcc/arm-none-eabi/10.3.1/../../../../arm-none-eabi/lib/thumb/v7e-m+fp/hard/libc_nano.a(lib_a-init.o)
                              /opt/st/stm32cubeide_1.10.1/plugins/com.st.stm32cube.ide.mcu.externaltools.gnu-tools-for-stm32.10.3-2021.10.linux64_1.0.200.202301161003/tools/bin/../lib/gcc/arm-none-eabi/10.3.1/../../../../arm-none-eabi/lib/thumb/v7e-m+fp/hard/crt0.o (__libc_init_array)
/opt/st/stm32cubeide_1.10.1/plugins/com.st.stm32cube.ide.mcu.externaltools.gnu-tools-for-stm32.10.3-2021.10.linux64_1.0.200.202301161003/tools/bin/../lib/gcc/arm-none-eabi/10.3.1/../../../../arm-none-eabi/lib/thumb/v7e-m+fp/hard/libc_nano.a(lib_a-memcmp.o)
                              ./Middlewares/ST/STM32_WPAN/ble/core/template/osal.o (memcmp)
/opt/st/stm32cubeide_1.10.1/plugins/com.st.stm32cube.ide.mcu.externaltools.gnu-tools-for-stm32.10.3-2021.10.linux64_1.0.200.202301161003/tools/bin/../lib/gcc/arm-none-eabi/10.3.1/../../../../arm-none-eabi/lib/thumb/v7e-m+fp/hard/libc_nano.a(lib_a-memcpy-stub.o)
                              ./Middlewares/ST/STM32_WPAN/ble/core/template/osal.o (memcpy)
/opt/st/stm32cubeide_1.10.1/plugins/com.st.stm32cube.ide.mcu.externaltools.gnu-tools-for-stm32.10.3-2021.10.linux64_1.0.200.202301161003/tools/bin/../lib/gcc/arm-none-eabi/10.3.1/../../../../arm-none-eabi/lib/thumb/v7e-m+fp/hard/libc_nano.a(lib_a-memset.o)
                              /opt/st/stm32cubeide_1.10.1/plugins/com.st.stm32cube.ide.mcu.externaltools.gnu-tools-for-stm32.10.3-2021.10.linux64_1.0.200.202301161003/tools/bin/../lib/gcc/arm-none-eabi/10.3.1/../../../../arm-none-eabi/lib/thumb/v7e-m+fp/hard/crt0.o (memset)
/opt/st/stm32cubeide_1.10.1/plugins/com.st.stm32cube.ide.mcu.externaltools.gnu-tools-for-stm32.10.3-2021.10.linux64_1.0.200.202301161003/tools/bin/../lib/gcc/arm-none-eabi/10.3.1/../../../../arm-none-eabi/lib/thumb/v7e-m+fp/hard/libc_nano.a(lib_a-printf.o)
                              ./Middlewares/ST/STM32_WPAN/utilities/dbg_trace.o (printf)
/opt/st/stm32cubeide_1.10.1/plugins/com.st.stm32cube.ide.mcu.externaltools.gnu-tools-for-stm32.10.3-2021.10.linux64_1.0.200.202301161003/tools/bin/../lib/gcc/arm-none-eabi/10.3.1/../../../../arm-none-eabi/lib/thumb/v7e-m+fp/hard/libc_nano.a(lib_a-strlen.o)
                              ./STM32_WPAN/App/app_ble.o (strlen)
/opt/st/stm32cubeide_1.10.1/plugins/com.st.stm32cube.ide.mcu.externaltools.gnu-tools-for-stm32.10.3-2021.10.linux64_1.0.200.202301161003/tools/bin/../lib/gcc/arm-none-eabi/10.3.1/../../../../arm-none-eabi/lib/thumb/v7e-m+fp/hard/libc_nano.a(lib_a-strrchr.o)
                              ./Middlewares/ST/STM32_WPAN/utilities/dbg_trace.o (strrchr)
/opt/st/stm32cubeide_1.10.1/plugins/com.st.stm32cube.ide.mcu.externaltools.gnu-tools-for-stm32.10.3-2021.10.linux64_1.0.200.202301161003/tools/bin/../lib/gcc/arm-none-eabi/10.3.1/../../../../arm-none-eabi/lib/thumb/v7e-m+fp/hard/libc_nano.a(lib_a-vprintf.o)
                              ./Middlewares/ST/STM32_WPAN/utilities/dbg_trace.o (vprintf)
/opt/st/stm32cubeide_1.10.1/plugins/com.st.stm32cube.ide.mcu.externaltools.gnu-tools-for-stm32.10.3-2021.10.linux64_1.0.200.202301161003/tools/bin/../lib/gcc/arm-none-eabi/10.3.1/../../../../arm-none-eabi/lib/thumb/v7e-m+fp/hard/libc_nano.a(lib_a-findfp.o)
[...]
Memory Configuration

Name             Origin             Length             Attributes
FLASH            0x0000000008000000 0x0000000000080000 xr
RAM1             0x0000000020000004 0x000000000002fffc xrw
RAM_SHARED       0x0000000020030000 0x0000000000002800 xrw
*default*        0x0000000000000000 0xffffffffffffffff

Linker script and memory map

LOAD /opt/st/stm32cubeide_1.10.1/plugins/com.st.stm32cube.ide.mcu.externaltools.gnu-tools-for-stm32.10.3-2021.10.linux64_1.0.200.202301161003/tools/bin/../lib/gcc/arm-none-eabi/10.3.1/thumb/v7e-m+fp/hard/crti.o
LOAD /opt/st/stm32cubeide_1.10.1/plugins/com.st.stm32cube.ide.mcu.externaltools.gnu-tools-for-stm32.10.3-2021.10.linux64_1.0.200.202301161003/tools/bin/../lib/gcc/arm-none-eabi/10.3.1/thumb/v7e-m+fp/hard/crtbegin.o
LOAD /opt/st/stm32cubeide_1.10.1/plugins/com.st.stm32cube.ide.mcu.externaltools.gnu-tools-for-stm32.10.3-2021.10.linux64_1.0.200.202301161003/tools/bin/../lib/gcc/arm-none-eabi/10.3.1/../../../../arm-none-eabi/lib/thumb/v7e-m+fp/hard/crt0.o
LOAD ./Core/Src/app_debug.o
LOAD ./Core/Src/app_entry.o
LOAD ./Core/Src/hw_timerserver.o
LOAD ./Core/Src/main.o
LOAD ./Core/Src/stm32_lpm_if.o
LOAD ./Core/Src/stm32wbxx_hal_msp.o
LOAD ./Core/Src/stm32wbxx_it.o
LOAD ./Core/Src/syscalls.o
LOAD ./Core/Src/sysmem.o
LOAD ./Core/Src/system_stm32wbxx.o
LOAD ./Core/Startup/startup_stm32wb55rgvx.o
LOAD ./Drivers/STM32WBxx_HAL_Driver/Src/stm32wbxx_hal.o
LOAD ./Drivers/STM32WBxx_HAL_Driver/Src/stm32wbxx_hal_cortex.o
LOAD ./Drivers/STM32WBxx_HAL_Driver/Src/stm32wbxx_hal_dma.o
LOAD ./Drivers/STM32WBxx_HAL_Driver/Src/stm32wbxx_hal_dma_ex.o
LOAD ./Drivers/STM32WBxx_HAL_Driver/Src/stm32wbxx_hal_exti.o
LOAD ./Drivers/STM32WBxx_HAL_Driver/Src/stm32wbxx_hal_flash.o
LOAD ./Drivers/STM32WBxx_HAL_Driver/Src/stm32wbxx_hal_flash_ex.o
LOAD ./Drivers/STM32WBxx_HAL_Driver/Src/stm32wbxx_hal_gpio.o
LOAD ./Drivers/STM32WBxx_HAL_Driver/Src/stm32wbxx_hal_hsem.o
LOAD ./Drivers/STM32WBxx_HAL_Driver/Src/stm32wbxx_hal_ipcc.o
LOAD ./Drivers/STM32WBxx_HAL_Driver/Src/stm32wbxx_hal_pwr.o
LOAD ./Drivers/STM32WBxx_HAL_Driver/Src/stm32wbxx_hal_pwr_ex.o
LOAD ./Drivers/STM32WBxx_HAL_Driver/Src/stm32wbxx_hal_rcc.o
LOAD ./Drivers/STM32WBxx_HAL_Driver/Src/stm32wbxx_hal_rcc_ex.o
LOAD ./Drivers/STM32WBxx_HAL_Driver/Src/stm32wbxx_hal_rtc.o
LOAD ./Drivers/STM32WBxx_HAL_Driver/Src/stm32wbxx_hal_rtc_ex.o
LOAD ./Drivers/STM32WBxx_HAL_Driver/Src/stm32wbxx_hal_tim.o
LOAD ./Drivers/STM32WBxx_HAL_Driver/Src/stm32wbxx_hal_tim_ex.o
LOAD ./Middlewares/ST/STM32_WPAN/ble/core/auto/ble_events.o
LOAD ./Middlewares/ST/STM32_WPAN/ble/core/auto/ble_gap_aci.o
LOAD ./Middlewares/ST/STM32_WPAN/ble/core/auto/ble_gatt_aci.o
LOAD ./Middlewares/ST/STM32_WPAN/ble/core/auto/ble_hal_aci.o
LOAD ./Middlewares/ST/STM32_WPAN/ble/core/auto/ble_hci_le.o
LOAD ./Middlewares/ST/STM32_WPAN/ble/core/auto/ble_l2cap_aci.o
LOAD ./Middlewares/ST/STM32_WPAN/ble/core/template/osal.o
LOAD ./Middlewares/ST/STM32_WPAN/ble/svc/Src/svc_ctl.o
LOAD ./Middlewares/ST/STM32_WPAN/interface/patterns/ble_thread/shci/shci.o
LOAD ./Middlewares/ST/STM32_WPAN/interface/patterns/ble_thread/tl/hci_tl.o
LOAD ./Middlewares/ST/STM32_WPAN/interface/patterns/ble_thread/tl/hci_tl_if.o
LOAD ./Middlewares/ST/STM32_WPAN/interface/patterns/ble_thread/tl/shci_tl.o
LOAD ./Middlewares/ST/STM32_WPAN/interface/patterns/ble_thread/tl/shci_tl_if.o
LOAD ./Middlewares/ST/STM32_WPAN/interface/patterns/ble_thread/tl/tl_mbox.o
LOAD ./Middlewares/ST/STM32_WPAN/utilities/dbg_trace.o
LOAD ./Middlewares/ST/STM32_WPAN/utilities/otp.o
LOAD ./Middlewares/ST/STM32_WPAN/utilities/stm_list.o
LOAD ./Middlewares/ST/STM32_WPAN/utilities/stm_queue.o
LOAD ./STM32_WPAN/App/app_ble.o
LOAD ./STM32_WPAN/App/custom_app.o
LOAD ./STM32_WPAN/App/custom_stm.o
LOAD ./STM32_WPAN/Target/hw_ipcc.o
LOAD ./Utilities/lpm/tiny_lpm/stm32_lpm.o
LOAD ./Utilities/sequencer/stm32_seq.o
START GROUP
LOAD /opt/st/stm32cubeide_1.10.1/plugins/com.st.stm32cube.ide.mcu.externaltools.gnu-tools-for-stm32.10.3-2021.10.linux64_1.0.200.202301161003/tools/bin/../lib/gcc/arm-none-eabi/10.3.1/../../../../arm-none-eabi/lib/thumb/v7e-m+fp/hard/libc_nano.a
LOAD /opt/st/stm32cubeide_1.10.1/plugins/com.st.stm32cube.ide.mcu.externaltools.gnu-tools-for-stm32.10.3-2021.10.linux64_1.0.200.202301161003/tools/bin/../lib/gcc/arm-none-eabi/10.3.1/../../../../arm-none-eabi/lib/thumb/v7e-m+fp/hard/libm.a
END GROUP
START GROUP
LOAD /opt/st/stm32cubeide_1.10.1/plugins/com.st.stm32cube.ide.mcu.externaltools.gnu-tools-for-stm32.10.3-2021.10.linux64_1.0.200.202301161003/tools/bin/../lib/gcc/arm-none-eabi/10.3.1/thumb/v7e-m+fp/hard/libgcc.a
LOAD /opt/st/stm32cubeide_1.10.1/plugins/com.st.stm32cube.ide.mcu.externaltools.gnu-tools-for-stm32.10.3-2021.10.linux64_1.0.200.202301161003/tools/bin/../lib/gcc/arm-none-eabi/10.3.1/../../../../arm-none-eabi/lib/thumb/v7e-m+fp/hard/libc_nano.a
END GROUP
START GROUP
LOAD /opt/st/stm32cubeide_1.10.1/plugins/com.st.stm32cube.ide.mcu.externaltools.gnu-tools-for-stm32.10.3-2021.10.linux64_1.0.200.202301161003/tools/bin/../lib/gcc/arm-none-eabi/10.3.1/thumb/v7e-m+fp/hard/libgcc.a
LOAD /opt/st/stm32cubeide_1.10.1/plugins/com.st.stm32cube.ide.mcu.externaltools.gnu-tools-for-stm32.10.3-2021.10.linux64_1.0.200.202301161003/tools/bin/../lib/gcc/arm-none-eabi/10.3.1/../../../../arm-none-eabi/lib/thumb/v7e-m+fp/hard/libc_nano.a
LOAD /opt/st/stm32cubeide_1.10.1/plugins/com.st.stm32cube.ide.mcu.externaltools.gnu-tools-for-stm32.10.3-2021.10.linux64_1.0.200.202301161003/tools/bin/../lib/gcc/arm-none-eabi/10.3.1/../../../../arm-none-eabi/lib/thumb/v7e-m+fp/hard/libnosys.a
END GROUP
START GROUP
LOAD /opt/st/stm32cubeide_1.10.1/plugins/com.st.stm32cube.ide.mcu.externaltools.gnu-tools-for-stm32.10.3-2021.10.linux64_1.0.200.202301161003/tools/bin/../lib/gcc/arm-none-eabi/10.3.1/thumb/v7e-m+fp/hard/libgcc.a
LOAD /opt/st/stm32cubeide_1.10.1/plugins/com.st.stm32cube.ide.mcu.externaltools.gnu-tools-for-stm32.10.3-2021.10.linux64_1.0.200.202301161003/tools/bin/../lib/gcc/arm-none-eabi/10.3.1/../../../../arm-none-eabi/lib/thumb/v7e-m+fp/hard/libc_nano.a
LOAD /opt/st/stm32cubeide_1.10.1/plugins/com.st.stm32cube.ide.mcu.externaltools.gnu-tools-for-stm32.10.3-2021.10.linux64_1.0.200.202301161003/tools/bin/../lib/gcc/arm-none-eabi/10.3.1/../../../../arm-none-eabi/lib/thumb/v7e-m+fp/hard/libnosys.a
END GROUP
LOAD /opt/st/stm32cubeide_1.10.1/plugins/com.st.stm32cube.ide.mcu.externaltools.gnu-tools-for-stm32.10.3-2021.10.linux64_1.0.200.202301161003/tools/bin/../lib/gcc/arm-none-eabi/10.3.1/thumb/v7e-m+fp/hard/crtend.o
LOAD /opt/st/stm32cubeide_1.10.1/plugins/com.st.stm32cube.ide.mcu.externaltools.gnu-tools-for-stm32.10.3-2021.10.linux64_1.0.200.202301161003/tools/bin/../lib/gcc/arm-none-eabi/10.3.1/thumb/v7e-m+fp/hard/crtn.o
                0x0000000020030000                _estack = (ORIGIN (RAM1) + LENGTH (RAM1))
                0x0000000000000200                _Min_Heap_Size = 0x200
                0x0000000000000400                _Min_Stack_Size = 0x400

.isr_vector     0x0000000008000000      0x13c
                0x0000000008000000                . = ALIGN (0x4)
 *(.isr_vector)
 .isr_vector    0x0000000008000000      0x13c ./Core/Startup/startup_stm32wb55rgvx.o
                0x0000000008000000                g_pfnVectors
                0x000000000800013c                . = ALIGN (0x4)

.text           0x000000000800013c     0x75f8
                0x000000000800013c                . = ALIGN (0x4)
 *(.text)
 .text          0x000000000800013c       0x40 /opt/st/stm32cubeide_1.10.1/plugins/com.st.stm32cube.ide.mcu.externaltools.gnu-tools-for-stm32.10.3-2021.10.linux64_1.0.200.202301161003/tools/bin/../lib/gcc/arm-none-eabi/10.3.1/thumb/v7e-m+fp/hard/crtbegin.o
 .text          0x000000000800017c       0x10 /opt/st/stm32cubeide_1.10.1/plugins/com.st.stm32cube.ide.mcu.externaltools.gnu-tools-for-stm32.10.3-2021.10.linux64_1.0.200.202301161003/tools/bin/../lib/gcc/arm-none-eabi/10.3.1/../../../../arm-none-eabi/lib/thumb/v7e-m+fp/hard/libc_nano.a(lib_a-strlen.o)
                0x000000000800017c                strlen
 *(.text*)
 .text.APPD_EnableCPU2
                0x000000000800018c       0x38 ./Core/Src/app_debug.o
                0x000000000800018c                APPD_EnableCPU2
 .text.LL_C2_PWR_SetPowerMode
                0x00000000080001c4       0x2c ./Core/Src/app_entry.o
 .text.LL_EXTI_EnableIT_32_63
                0x00000000080001f0       0x28 ./Core/Src/app_entry.o
 .text.LL_RCC_HSE_SetCapacitorTuning
                0x0000000008000218       0x3c ./Core/Src/app_entry.o
 .text.LL_RCC_SetClkAfterWakeFromStop
                0x0000000008000254       0x28 ./Core/Src/app_entry.o
 .text.LL_RCC_ForceBackupDomainReset
                0x000000000800027c       0x22 ./Core/Src/app_entry.o
 .text.LL_RCC_ReleaseBackupDomainReset
                0x000000000800029e       0x22 ./Core/Src/app_entry.o
 .text.LL_RCC_IsActiveFlag_PINRST
                0x00000000080002c0       0x26 ./Core/Src/app_entry.o
 .text.LL_RCC_IsActiveFlag_SFTRST
                0x00000000080002e6       0x26 ./Core/Src/app_entry.o
 .text.LL_AHB3_GRP1_EnableClock
                0x000000000800030c       0x32 ./Core/Src/app_entry.o
 *fill*         0x000000000800033e        0x2 
 .text.LL_DBGMCU_GetRevisionID
                0x0000000008000340       0x1c ./Core/Src/app_entry.o
 .text.LL_C1_IPCC_DisableTransmitChannel
                0x000000000800035c       0x24 ./Core/Src/app_entry.o
 .text.LL_C1_IPCC_DisableReceiveChannel
                0x0000000008000380       0x22 ./Core/Src/app_entry.o
 .text.LL_C2_IPCC_DisableTransmitChannel
                0x00000000080003a2       0x24 ./Core/Src/app_entry.o
 .text.LL_C2_IPCC_DisableReceiveChannel
                0x00000000080003c6       0x22 ./Core/Src/app_entry.o
 .text.LL_C1_IPCC_ClearFlag_CHx
                0x00000000080003e8       0x1c ./Core/Src/app_entry.o
 .text.LL_C2_IPCC_ClearFlag_CHx
                0x0000000008000404       0x1c ./Core/Src/app_entry.o
 .text.LL_RTC_EnableWriteProtection
                0x0000000008000420       0x1a ./Core/Src/app_entry.o
 .text.LL_RTC_DisableWriteProtection
                0x000000000800043a       0x20 ./Core/Src/app_entry.o
 .text.LL_RTC_WAKEUP_SetClock
                0x000000000800045a       0x26 ./Core/Src/app_entry.o
 .text.MX_APPE_Config
                0x0000000008000480       0x1c ./Core/Src/app_entry.o
                0x0000000008000480                MX_APPE_Config
 .text.MX_APPE_Init
                0x000000000800049c       0x20 ./Core/Src/app_entry.o
                0x000000000800049c                MX_APPE_Init
 .text.Init_Smps
                0x00000000080004bc        0xe ./Core/Src/app_entry.o
                0x00000000080004bc                Init_Smps
 .text.Init_Exti
                0x00000000080004ca        0xe ./Core/Src/app_entry.o
                0x00000000080004ca                Init_Exti
 .text.Reset_Device
                0x00000000080004d8       0x10 ./Core/Src/app_entry.o
 .text.Reset_BackupDomain
                0x00000000080004e8       0x2e ./Core/Src/app_entry.o
 *fill*         0x0000000008000516        0x2 
 .text.Reset_IPCC
                0x0000000008000518       0x44 ./Core/Src/app_entry.o
 .text.Config_HSE
                0x000000000800055c       0x28 ./Core/Src/app_entry.o
 .text.System_Init
                0x0000000008000584       0x14 ./Core/Src/app_entry.o
 .text.Init_Rtc
                0x0000000008000598       0x20 ./Core/Src/app_entry.o
 .text.SystemPower_Config
                0x00000000080005b8       0x1a ./Core/Src/app_entry.o
 *fill*         0x00000000080005d2        0x2 
 .text.appe_Tl_Init
                0x00000000080005d4       0x6c ./Core/Src/app_entry.o
 .text.APPE_SysStatusNot
                0x0000000008000640       0x16 ./Core/Src/app_entry.o
 *fill*         0x0000000008000656        0x2 
 .text.APPE_SysUserEvtRx
                0x0000000008000658       0x68 ./Core/Src/app_entry.o
 .text.APPE_SysEvtError
                0x00000000080006c0       0x22 ./Core/Src/app_entry.o
 .text.APPE_SysEvtReadyProcessing
                0x00000000080006e2       0x78 ./Core/Src/app_entry.o
 .text.MX_APPE_Process
                0x000000000800075a       0x10 ./Core/Src/app_entry.o
                0x000000000800075a                MX_APPE_Process
 .text.UTIL_SEQ_Idle
                0x000000000800076a        0xe ./Core/Src/app_entry.o
                0x000000000800076a                UTIL_SEQ_Idle
 .text.UTIL_SEQ_EvtIdle
                0x0000000008000778       0x1a ./Core/Src/app_entry.o
                0x0000000008000778                UTIL_SEQ_EvtIdle
 .text.shci_notify_asynch_evt
                0x0000000008000792       0x18 ./Core/Src/app_entry.o
                0x0000000008000792                shci_notify_asynch_evt
 .text.shci_cmd_resp_release
                0x00000000080007aa       0x16 ./Core/Src/app_entry.o
                0x00000000080007aa                shci_cmd_resp_release
 .text.shci_cmd_resp_wait
                0x00000000080007c0       0x16 ./Core/Src/app_entry.o
                0x00000000080007c0                shci_cmd_resp_wait
 *fill*         0x00000000080007d6        0x2 
 .text.LL_EXTI_EnableIT_0_31
                0x00000000080007d8       0x28 ./Core/Src/hw_timerserver.o
 .text.LL_EXTI_EnableRisingTrig_0_31
                0x0000000008000800       0x24 ./Core/Src/hw_timerserver.o
 .text.ReadRtcSsrValue
                0x0000000008000824       0x40 ./Core/Src/hw_timerserver.o
 .text.LinkTimerAfter
                0x0000000008000864       0x8c ./Core/Src/hw_timerserver.o
 .text.LinkTimerBefore
                0x00000000080008f0       0xc0 ./Core/Src/hw_timerserver.o
 .text.linkTimer
                0x00000000080009b0      0x154 ./Core/Src/hw_timerserver.o
 .text.UnlinkTimer
                0x0000000008000b04      0x108 ./Core/Src/hw_timerserver.o
 .text.ReturnTimeElapsed
                0x0000000008000c0c       0x80 ./Core/Src/hw_timerserver.o
 .text.RestartWakeupCounter
                0x0000000008000c8c       0xbc ./Core/Src/hw_timerserver.o
 .text.RescheduleTimerList
                0x0000000008000d48      0x13c ./Core/Src/hw_timerserver.o
 .text.HW_TS_RTC_Wakeup_Handler
                0x0000000008000e84      0x1a8 ./Core/Src/hw_timerserver.o
                0x0000000008000e84                HW_TS_RTC_Wakeup_Handler
 .text.HW_TS_Init
                0x000000000800102c      0x1cc ./Core/Src/hw_timerserver.o
                0x000000000800102c                HW_TS_Init
 .text.HW_TS_Stop
                0x00000000080011f8      0x118 ./Core/Src/hw_timerserver.o
                0x00000000080011f8                HW_TS_Stop
 .text.HW_TS_Start
                0x0000000008001310      0x110 ./Core/Src/hw_timerserver.o
                0x0000000008001310                HW_TS_Start
 .text.HW_TS_RTC_Int_AppNot
                0x0000000008001420       0x1a ./Core/Src/hw_timerserver.o
                0x0000000008001420                HW_TS_RTC_Int_AppNot
 .text.LL_RCC_LSE_SetDriveCapability
                0x000000000800143a       0x2c ./Core/Src/main.o
 .text.LL_AHB2_GRP1_EnableClock
                0x0000000008001466       0x32 ./Core/Src/main.o
 .text.main     0x0000000008001498       0x2e ./Core/Src/main.o
                0x0000000008001498                main
 *fill*         0x00000000080014c6        0x2 
 .text.SystemClock_Config
                0x00000000080014c8       0xc4 ./Core/Src/main.o
                0x00000000080014c8                SystemClock_Config
 .text.PeriphCommonClock_Config
                0x000000000800158c       0x40 ./Core/Src/main.o
                0x000000000800158c                PeriphCommonClock_Config
 .text.MX_IPCC_Init
                0x00000000080015cc       0x28 ./Core/Src/main.o
 .text.MX_RF_Init
                0x00000000080015f4        0xe ./Core/Src/main.o
 *fill*         0x0000000008001602        0x2 
 .text.MX_RTC_Init
                0x0000000008001604       0x68 ./Core/Src/main.o
 .text.MX_GPIO_Init
                0x000000000800166c       0xd0 ./Core/Src/main.o
 .text.Error_Handler
                0x000000000800173c        0xa ./Core/Src/main.o
                0x000000000800173c                Error_Handler
 .text.LL_RCC_EnableRTC
                0x0000000008001746       0x22 ./Core/Src/stm32wbxx_hal_msp.o
 .text.LL_AHB3_GRP1_EnableClock
                0x0000000008001768       0x32 ./Core/Src/stm32wbxx_hal_msp.o
 .text.LL_APB1_GRP1_EnableClock
                0x000000000800179a       0x32 ./Core/Src/stm32wbxx_hal_msp.o
 .text.HAL_MspInit
                0x00000000080017cc       0x20 ./Core/Src/stm32wbxx_hal_msp.o
                0x00000000080017cc                HAL_MspInit
 .text.HAL_IPCC_MspInit
                0x00000000080017ec       0x48 ./Core/Src/stm32wbxx_hal_msp.o
                0x00000000080017ec                HAL_IPCC_MspInit
 .text.HAL_RTC_MspInit
                0x0000000008001834       0x68 ./Core/Src/stm32wbxx_hal_msp.o
                0x0000000008001834                HAL_RTC_MspInit
 .text.NMI_Handler
                0x000000000800189c        0x6 ./Core/Src/stm32wbxx_it.o
                0x000000000800189c                NMI_Handler
 .text.HardFault_Handler
                0x00000000080018a2        0x6 ./Core/Src/stm32wbxx_it.o
                0x00000000080018a2                HardFault_Handler
 .text.MemManage_Handler
                0x00000000080018a8        0x6 ./Core/Src/stm32wbxx_it.o
                0x00000000080018a8                MemManage_Handler
 .text.BusFault_Handler
                0x00000000080018ae        0x6 ./Core/Src/stm32wbxx_it.o
                0x00000000080018ae                BusFault_Handler
 .text.UsageFault_Handler
                0x00000000080018b4        0x6 ./Core/Src/stm32wbxx_it.o
                0x00000000080018b4                UsageFault_Handler
 .text.SVC_Handler
                0x00000000080018ba        0xe ./Core/Src/stm32wbxx_it.o
                0x00000000080018ba                SVC_Handler
 .text.DebugMon_Handler
                0x00000000080018c8        0xe ./Core/Src/stm32wbxx_it.o
                0x00000000080018c8                DebugMon_Handler
 .text.PendSV_Handler
                0x00000000080018d6        0xe ./Core/Src/stm32wbxx_it.o
                0x00000000080018d6                PendSV_Handler
 .text.SysTick_Handler
                0x00000000080018e4        0xc ./Core/Src/stm32wbxx_it.o
                0x00000000080018e4                SysTick_Handler
 .text.RTC_WKUP_IRQHandler
                0x00000000080018f0        0xc ./Core/Src/stm32wbxx_it.o
                0x00000000080018f0                RTC_WKUP_IRQHandler
 .text.IPCC_C1_RX_IRQHandler
                0x00000000080018fc        0xc ./Core/Src/stm32wbxx_it.o
                0x00000000080018fc                IPCC_C1_RX_IRQHandler
 .text.IPCC_C1_TX_IRQHandler
                0x0000000008001908        0xc ./Core/Src/stm32wbxx_it.o
                0x0000000008001908                IPCC_C1_TX_IRQHandler
 .text.HSEM_IRQHandler
                0x0000000008001914        0xc ./Core/Src/stm32wbxx_it.o
                0x0000000008001914                HSEM_IRQHandler
 .text.SystemInit
                0x0000000008001920       0xa4 ./Core/Src/system_stm32wbxx.o
                0x0000000008001920                SystemInit
 .text.data_initializers
                0x00000000080019c4       0x18 ./Core/Startup/startup_stm32wb55rgvx.o
 .text.Reset_Handler
                0x00000000080019dc       0x54 ./Core/Startup/startup_stm32wb55rgvx.o
                0x00000000080019dc                Reset_Handler
 .text.Default_Handler
                0x0000000008001a30        0x2 ./Core/Startup/startup_stm32wb55rgvx.o
                0x0000000008001a30                RTC_Alarm_IRQHandler
                0x0000000008001a30                EXTI2_IRQHandler
                0x0000000008001a30                TIM1_CC_IRQHandler
                0x0000000008001a30                TSC_IRQHandler
                0x0000000008001a30                USB_HP_IRQHandler
                0x0000000008001a30                EXTI3_IRQHandler
                0x0000000008001a30                LPTIM2_IRQHandler
                0x0000000008001a30                I2C3_ER_IRQHandler
                0x0000000008001a30                EXTI0_IRQHandler
                0x0000000008001a30                FPU_IRQHandler
                0x0000000008001a30                TIM1_UP_TIM16_IRQHandler
                0x0000000008001a30                AES1_IRQHandler
                0x0000000008001a30                SPI1_IRQHandler
                0x0000000008001a30                PWR_SOTF_BLEACT_802ACT_RFPHASE_IRQHandler
                0x0000000008001a30                DMA2_Channel2_IRQHandler
                0x0000000008001a30                DMA1_Channel4_IRQHandler
                0x0000000008001a30                ADC1_IRQHandler
                0x0000000008001a30                PKA_IRQHandler
                0x0000000008001a30                DMA1_Channel7_IRQHandler
                0x0000000008001a30                LCD_IRQHandler
                0x0000000008001a30                DMA2_Channel1_IRQHandler
                0x0000000008001a30                QUADSPI_IRQHandler
                0x0000000008001a30                I2C1_EV_IRQHandler
                0x0000000008001a30                DMAMUX1_OVR_IRQHandler
                0x0000000008001a30                DMA1_Channel6_IRQHandler
                0x0000000008001a30                DMA2_Channel4_IRQHandler
                0x0000000008001a30                RCC_IRQHandler
                0x0000000008001a30                DMA1_Channel1_IRQHandler
                0x0000000008001a30                Default_Handler
                0x0000000008001a30                DMA2_Channel7_IRQHandler
                0x0000000008001a30                EXTI15_10_IRQHandler
                0x0000000008001a30                C2SEV_PWR_C2H_IRQHandler
                0x0000000008001a30                AES2_IRQHandler
                0x0000000008001a30                I2C3_EV_IRQHandler
                0x0000000008001a30                EXTI9_5_IRQHandler
                0x0000000008001a30                PVD_PVM_IRQHandler
                0x0000000008001a30                SPI2_IRQHandler
                0x0000000008001a30                DMA2_Channel5_IRQHandler
                0x0000000008001a30                CRS_IRQHandler
                0x0000000008001a30                DMA1_Channel5_IRQHandler
                0x0000000008001a30                USB_LP_IRQHandler
                0x0000000008001a30                EXTI4_IRQHandler
                0x0000000008001a30                RNG_IRQHandler
                0x0000000008001a30                TIM1_TRG_COM_TIM17_IRQHandler
                0x0000000008001a30                TAMP_STAMP_LSECSS_IRQHandler
                0x0000000008001a30                DMA1_Channel3_IRQHandler
                0x0000000008001a30                COMP_IRQHandler
                0x0000000008001a30                WWDG_IRQHandler
                0x0000000008001a30                LPUART1_IRQHandler
                0x0000000008001a30                DMA2_Channel6_IRQHandler
                0x0000000008001a30                TIM2_IRQHandler
                0x0000000008001a30                TIM1_BRK_IRQHandler
                0x0000000008001a30                EXTI1_IRQHandler
                0x0000000008001a30                DMA1_Channel2_IRQHandler
                0x0000000008001a30                FLASH_IRQHandler
                0x0000000008001a30                USART1_IRQHandler
                0x0000000008001a30                I2C1_ER_IRQHandler
                0x0000000008001a30                LPTIM1_IRQHandler
                0x0000000008001a30                SAI1_IRQHandler
                0x0000000008001a30                DMA2_Channel3_IRQHandler
 *fill*         0x0000000008001a32        0x2 
 .text.HAL_Init
                0x0000000008001a34       0x40 ./Drivers/STM32WBxx_HAL_Driver/Src/stm32wbxx_hal.o
                0x0000000008001a34                HAL_Init
 .text.HAL_InitTick
                0x0000000008001a74       0x74 ./Drivers/STM32WBxx_HAL_Driver/Src/stm32wbxx_hal.o
                0x0000000008001a74                HAL_InitTick
 .text.HAL_IncTick
                0x0000000008001ae8       0x28 ./Drivers/STM32WBxx_HAL_Driver/Src/stm32wbxx_hal.o
                0x0000000008001ae8                HAL_IncTick
 .text.HAL_GetTick
                0x0000000008001b10       0x18 ./Drivers/STM32WBxx_HAL_Driver/Src/stm32wbxx_hal.o
                0x0000000008001b10                HAL_GetTick
 .text.HAL_GetTickPrio
                0x0000000008001b28       0x18 ./Drivers/STM32WBxx_HAL_Driver/Src/stm32wbxx_hal.o
                0x0000000008001b28                HAL_GetTickPrio
 .text.__NVIC_SetPriorityGrouping
                0x0000000008001b40       0x48 ./Drivers/STM32WBxx_HAL_Driver/Src/stm32wbxx_hal_cortex.o
 .text.__NVIC_GetPriorityGrouping
                0x0000000008001b88       0x1c ./Drivers/STM32WBxx_HAL_Driver/Src/stm32wbxx_hal_cortex.o
 .text.__NVIC_EnableIRQ
                0x0000000008001ba4       0x3c ./Drivers/STM32WBxx_HAL_Driver/Src/stm32wbxx_hal_cortex.o
 .text.__NVIC_DisableIRQ
                0x0000000008001be0       0x48 ./Drivers/STM32WBxx_HAL_Driver/Src/stm32wbxx_hal_cortex.o
 .text.__NVIC_SetPendingIRQ
                0x0000000008001c28       0x3c ./Drivers/STM32WBxx_HAL_Driver/Src/stm32wbxx_hal_cortex.o
 .text.__NVIC_ClearPendingIRQ
                0x0000000008001c64       0x3c ./Drivers/STM32WBxx_HAL_Driver/Src/stm32wbxx_hal_cortex.o
 .text.__NVIC_SetPriority
                0x0000000008001ca0       0x54 ./Drivers/STM32WBxx_HAL_Driver/Src/stm32wbxx_hal_cortex.o
 .text.NVIC_EncodePriority
                0x0000000008001cf4       0x66 ./Drivers/STM32WBxx_HAL_Driver/Src/stm32wbxx_hal_cortex.o
 *fill*         0x0000000008001d5a        0x2 
 .text.SysTick_Config
                0x0000000008001d5c       0x44 ./Drivers/STM32WBxx_HAL_Driver/Src/stm32wbxx_hal_cortex.o
 .text.HAL_NVIC_SetPriorityGrouping
                0x0000000008001da0       0x16 ./Drivers/STM32WBxx_HAL_Driver/Src/stm32wbxx_hal_cortex.o
                0x0000000008001da0                HAL_NVIC_SetPriorityGrouping
 .text.HAL_NVIC_SetPriority
                0x0000000008001db6       0x34 ./Drivers/STM32WBxx_HAL_Driver/Src/stm32wbxx_hal_cortex.o
                0x0000000008001db6                HAL_NVIC_SetPriority
 .text.HAL_NVIC_EnableIRQ
                0x0000000008001dea       0x1c ./Drivers/STM32WBxx_HAL_Driver/Src/stm32wbxx_hal_cortex.o
                0x0000000008001dea                HAL_NVIC_EnableIRQ
 .text.HAL_NVIC_DisableIRQ
                0x0000000008001e06       0x1c ./Drivers/STM32WBxx_HAL_Driver/Src/stm32wbxx_hal_cortex.o
                0x0000000008001e06                HAL_NVIC_DisableIRQ
 .text.HAL_SYSTICK_Config
                0x0000000008001e22       0x18 ./Drivers/STM32WBxx_HAL_Driver/Src/stm32wbxx_hal_cortex.o
                0x0000000008001e22                HAL_SYSTICK_Config
 .text.HAL_NVIC_SetPendingIRQ
                0x0000000008001e3a       0x1c ./Drivers/STM32WBxx_HAL_Driver/Src/stm32wbxx_hal_cortex.o
                0x0000000008001e3a                HAL_NVIC_SetPendingIRQ
 .text.HAL_NVIC_ClearPendingIRQ
                0x0000000008001e56       0x1c ./Drivers/STM32WBxx_HAL_Driver/Src/stm32wbxx_hal_cortex.o
                0x0000000008001e56                HAL_NVIC_ClearPendingIRQ
 *fill*         0x0000000008001e72        0x2 
 .text.HAL_GPIO_Init
                0x0000000008001e74      0x2e0 ./Drivers/STM32WBxx_HAL_Driver/Src/stm32wbxx_hal_gpio.o
                0x0000000008001e74                HAL_GPIO_Init
 .text.HAL_GPIO_ReadPin
                0x0000000008002154       0x30 ./Drivers/STM32WBxx_HAL_Driver/Src/stm32wbxx_hal_gpio.o
                0x0000000008002154                HAL_GPIO_ReadPin
 .text.HAL_GPIO_WritePin
                0x0000000008002184       0x30 ./Drivers/STM32WBxx_HAL_Driver/Src/stm32wbxx_hal_gpio.o
                0x0000000008002184                HAL_GPIO_WritePin
 .text.HAL_GPIO_TogglePin
                0x00000000080021b4       0x34 ./Drivers/STM32WBxx_HAL_Driver/Src/stm32wbxx_hal_gpio.o
                0x00000000080021b4                HAL_GPIO_TogglePin
 .text.HAL_HSEM_IRQHandler
                0x00000000080021e8       0x34 ./Drivers/STM32WBxx_HAL_Driver/Src/stm32wbxx_hal_hsem.o
                0x00000000080021e8                HAL_HSEM_IRQHandler
 .text.HAL_HSEM_FreeCallback
                0x000000000800221c       0x14 ./Drivers/STM32WBxx_HAL_Driver/Src/stm32wbxx_hal_hsem.o
                0x000000000800221c                HAL_HSEM_FreeCallback
 .text.HAL_IPCC_Init
                0x0000000008002230       0x64 ./Drivers/STM32WBxx_HAL_Driver/Src/stm32wbxx_hal_ipcc.o
                0x0000000008002230                HAL_IPCC_Init
 .text.HAL_IPCC_RxCallback
                0x0000000008002294       0x1a ./Drivers/STM32WBxx_HAL_Driver/Src/stm32wbxx_hal_ipcc.o
                0x0000000008002294                HAL_IPCC_RxCallback
 .text.HAL_IPCC_TxCallback
                0x00000000080022ae       0x1a ./Drivers/STM32WBxx_HAL_Driver/Src/stm32wbxx_hal_ipcc.o
                0x00000000080022ae                HAL_IPCC_TxCallback
 .text.IPCC_SetDefaultCallbacks
                0x00000000080022c8       0x4c ./Drivers/STM32WBxx_HAL_Driver/Src/stm32wbxx_hal_ipcc.o
                0x00000000080022c8                IPCC_SetDefaultCallbacks
 .text.IPCC_Reset_Register
                0x0000000008002314       0x28 ./Drivers/STM32WBxx_HAL_Driver/Src/stm32wbxx_hal_ipcc.o
                0x0000000008002314                IPCC_Reset_Register
 .text.HAL_PWR_EnableBkUpAccess
                0x000000000800233c       0x20 ./Drivers/STM32WBxx_HAL_Driver/Src/stm32wbxx_hal_pwr.o
                0x000000000800233c                HAL_PWR_EnableBkUpAccess
 .text.HAL_PWREx_GetVoltageRange
                0x000000000800235c       0x1c ./Drivers/STM32WBxx_HAL_Driver/Src/stm32wbxx_hal_pwr_ex.o
                0x000000000800235c                HAL_PWREx_GetVoltageRange
 .text.LL_RCC_HSE_IsEnabledDiv2
                0x0000000008002378       0x24 ./Drivers/STM32WBxx_HAL_Driver/Src/stm32wbxx_hal_rcc.o
 .text.LL_RCC_HSE_Enable
                0x000000000800239c       0x1e ./Drivers/STM32WBxx_HAL_Driver/Src/stm32wbxx_hal_rcc.o
 .text.LL_RCC_HSE_Disable
                0x00000000080023ba       0x1e ./Drivers/STM32WBxx_HAL_Driver/Src/stm32wbxx_hal_rcc.o
 .text.LL_RCC_HSE_IsReady
                0x00000000080023d8       0x24 ./Drivers/STM32WBxx_HAL_Driver/Src/stm32wbxx_hal_rcc.o
 .text.LL_RCC_HSI_Enable
                0x00000000080023fc       0x1e ./Drivers/STM32WBxx_HAL_Driver/Src/stm32wbxx_hal_rcc.o
 .text.LL_RCC_HSI_Disable
                0x000000000800241a       0x1e ./Drivers/STM32WBxx_HAL_Driver/Src/stm32wbxx_hal_rcc.o
 .text.LL_RCC_HSI_IsReady
                0x0000000008002438       0x24 ./Drivers/STM32WBxx_HAL_Driver/Src/stm32wbxx_hal_rcc.o
 .text.LL_RCC_HSI_SetCalibTrimming
                0x000000000800245c       0x2a ./Drivers/STM32WBxx_HAL_Driver/Src/stm32wbxx_hal_rcc.o
 .text.LL_RCC_HSI48_Enable
                0x0000000008002486       0x22 ./Drivers/STM32WBxx_HAL_Driver/Src/stm32wbxx_hal_rcc.o
 .text.LL_RCC_HSI48_Disable
                0x00000000080024a8       0x22 ./Drivers/STM32WBxx_HAL_Driver/Src/stm32wbxx_hal_rcc.o
 .text.LL_RCC_HSI48_IsReady
                0x00000000080024ca       0x24 ./Drivers/STM32WBxx_HAL_Driver/Src/stm32wbxx_hal_rcc.o
 .text.LL_RCC_LSE_Enable
                0x00000000080024ee       0x22 ./Drivers/STM32WBxx_HAL_Driver/Src/stm32wbxx_hal_rcc.o
 .text.LL_RCC_LSE_Disable
                0x0000000008002510       0x22 ./Drivers/STM32WBxx_HAL_Driver/Src/stm32wbxx_hal_rcc.o
 .text.LL_RCC_LSE_EnableBypass
                0x0000000008002532       0x22 ./Drivers/STM32WBxx_HAL_Driver/Src/stm32wbxx_hal_rcc.o
 .text.LL_RCC_LSE_DisableBypass
                0x0000000008002554       0x22 ./Drivers/STM32WBxx_HAL_Driver/Src/stm32wbxx_hal_rcc.o
 .text.LL_RCC_LSE_IsReady
                0x0000000008002576       0x24 ./Drivers/STM32WBxx_HAL_Driver/Src/stm32wbxx_hal_rcc.o
 .text.LL_RCC_LSI1_Enable
                0x000000000800259a       0x22 ./Drivers/STM32WBxx_HAL_Driver/Src/stm32wbxx_hal_rcc.o
 .text.LL_RCC_LSI1_Disable
                0x00000000080025bc       0x22 ./Drivers/STM32WBxx_HAL_Driver/Src/stm32wbxx_hal_rcc.o
 .text.LL_RCC_LSI1_IsReady
                0x00000000080025de       0x24 ./Drivers/STM32WBxx_HAL_Driver/Src/stm32wbxx_hal_rcc.o
 .text.LL_RCC_LSI2_Enable
                0x0000000008002602       0x22 ./Drivers/STM32WBxx_HAL_Driver/Src/stm32wbxx_hal_rcc.o
 .text.LL_RCC_LSI2_Disable
                0x0000000008002624       0x22 ./Drivers/STM32WBxx_HAL_Driver/Src/stm32wbxx_hal_rcc.o
 .text.LL_RCC_LSI2_IsReady
                0x0000000008002646       0x24 ./Drivers/STM32WBxx_HAL_Driver/Src/stm32wbxx_hal_rcc.o
 .text.LL_RCC_LSI2_SetTrimming
                0x000000000800266a       0x2e ./Drivers/STM32WBxx_HAL_Driver/Src/stm32wbxx_hal_rcc.o
 .text.LL_RCC_MSI_Enable
                0x0000000008002698       0x1e ./Drivers/STM32WBxx_HAL_Driver/Src/stm32wbxx_hal_rcc.o
 .text.LL_RCC_MSI_Disable
                0x00000000080026b6       0x1e ./Drivers/STM32WBxx_HAL_Driver/Src/stm32wbxx_hal_rcc.o
 .text.LL_RCC_MSI_IsReady
                0x00000000080026d4       0x22 ./Drivers/STM32WBxx_HAL_Driver/Src/stm32wbxx_hal_rcc.o
 .text.LL_RCC_MSI_SetRange
                0x00000000080026f6       0x28 ./Drivers/STM32WBxx_HAL_Driver/Src/stm32wbxx_hal_rcc.o
 .text.LL_RCC_MSI_GetRange
                0x000000000800271e       0x2a ./Drivers/STM32WBxx_HAL_Driver/Src/stm32wbxx_hal_rcc.o
 .text.LL_RCC_MSI_SetCalibTrimming
                0x0000000008002748       0x2a ./Drivers/STM32WBxx_HAL_Driver/Src/stm32wbxx_hal_rcc.o
 .text.LL_RCC_SetSysClkSource
                0x0000000008002772       0x28 ./Drivers/STM32WBxx_HAL_Driver/Src/stm32wbxx_hal_rcc.o
 .text.LL_RCC_GetSysClkSource
                0x000000000800279a       0x18 ./Drivers/STM32WBxx_HAL_Driver/Src/stm32wbxx_hal_rcc.o
 .text.LL_RCC_SetAHBPrescaler
                0x00000000080027b2       0x28 ./Drivers/STM32WBxx_HAL_Driver/Src/stm32wbxx_hal_rcc.o
 .text.LL_C2_RCC_SetAHBPrescaler
                0x00000000080027da       0x2c ./Drivers/STM32WBxx_HAL_Driver/Src/stm32wbxx_hal_rcc.o
 .text.LL_RCC_SetAHB4Prescaler
                0x0000000008002806       0x2e ./Drivers/STM32WBxx_HAL_Driver/Src/stm32wbxx_hal_rcc.o
 .text.LL_RCC_SetAPB1Prescaler
                0x0000000008002834       0x28 ./Drivers/STM32WBxx_HAL_Driver/Src/stm32wbxx_hal_rcc.o
 .text.LL_RCC_SetAPB2Prescaler
                0x000000000800285c       0x28 ./Drivers/STM32WBxx_HAL_Driver/Src/stm32wbxx_hal_rcc.o
 .text.LL_RCC_GetAHBPrescaler
                0x0000000008002884       0x18 ./Drivers/STM32WBxx_HAL_Driver/Src/stm32wbxx_hal_rcc.o
 .text.LL_RCC_GetAHB4Prescaler
                0x000000000800289c       0x1c ./Drivers/STM32WBxx_HAL_Driver/Src/stm32wbxx_hal_rcc.o
 .text.LL_RCC_PLL_Enable
                0x00000000080028b8       0x1e ./Drivers/STM32WBxx_HAL_Driver/Src/stm32wbxx_hal_rcc.o
 .text.LL_RCC_PLL_Disable
                0x00000000080028d6       0x1e ./Drivers/STM32WBxx_HAL_Driver/Src/stm32wbxx_hal_rcc.o
 .text.LL_RCC_PLL_IsReady
                0x00000000080028f4       0x24 ./Drivers/STM32WBxx_HAL_Driver/Src/stm32wbxx_hal_rcc.o
 .text.LL_RCC_PLL_GetN
                0x0000000008002918       0x1a ./Drivers/STM32WBxx_HAL_Driver/Src/stm32wbxx_hal_rcc.o
 .text.LL_RCC_PLL_GetR
                0x0000000008002932       0x18 ./Drivers/STM32WBxx_HAL_Driver/Src/stm32wbxx_hal_rcc.o
 .text.LL_RCC_PLL_GetDivider
                0x000000000800294a       0x18 ./Drivers/STM32WBxx_HAL_Driver/Src/stm32wbxx_hal_rcc.o
 .text.LL_RCC_PLL_GetMainSource
                0x0000000008002962       0x18 ./Drivers/STM32WBxx_HAL_Driver/Src/stm32wbxx_hal_rcc.o
 .text.LL_RCC_IsActiveFlag_HPRE
                0x000000000800297a       0x24 ./Drivers/STM32WBxx_HAL_Driver/Src/stm32wbxx_hal_rcc.o
 .text.LL_RCC_IsActiveFlag_C2HPRE
                0x000000000800299e       0x26 ./Drivers/STM32WBxx_HAL_Driver/Src/stm32wbxx_hal_rcc.o
 .text.LL_RCC_IsActiveFlag_SHDHPRE
                0x00000000080029c4       0x26 ./Drivers/STM32WBxx_HAL_Driver/Src/stm32wbxx_hal_rcc.o
 .text.LL_RCC_IsActiveFlag_PPRE1
                0x00000000080029ea       0x24 ./Drivers/STM32WBxx_HAL_Driver/Src/stm32wbxx_hal_rcc.o
 .text.LL_RCC_IsActiveFlag_PPRE2
                0x0000000008002a0e       0x24 ./Drivers/STM32WBxx_HAL_Driver/Src/stm32wbxx_hal_rcc.o
 *fill*         0x0000000008002a32        0x2 
 .text.HAL_RCC_OscConfig
                0x0000000008002a34      0x6e8 ./Drivers/STM32WBxx_HAL_Driver/Src/stm32wbxx_hal_rcc.o
                0x0000000008002a34                HAL_RCC_OscConfig
 .text.HAL_RCC_ClockConfig
                0x000000000800311c      0x280 ./Drivers/STM32WBxx_HAL_Driver/Src/stm32wbxx_hal_rcc.o
                0x000000000800311c                HAL_RCC_ClockConfig
 .text.HAL_RCC_GetSysClockFreq
                0x000000000800339c       0xd8 ./Drivers/STM32WBxx_HAL_Driver/Src/stm32wbxx_hal_rcc.o
                0x000000000800339c                HAL_RCC_GetSysClockFreq
 .text.HAL_RCC_GetHCLKFreq
                0x0000000008003474       0x28 ./Drivers/STM32WBxx_HAL_Driver/Src/stm32wbxx_hal_rcc.o
                0x0000000008003474                HAL_RCC_GetHCLKFreq
 .text.RCC_SetFlashLatencyFromMSIRange
                0x000000000800349c       0x70 ./Drivers/STM32WBxx_HAL_Driver/Src/stm32wbxx_hal_rcc.o
 .text.RCC_SetFlashLatency
                0x000000000800350c       0xf8 ./Drivers/STM32WBxx_HAL_Driver/Src/stm32wbxx_hal_rcc.o
 .text.LL_RCC_LSE_IsEnabled
                0x0000000008003604       0x24 ./Drivers/STM32WBxx_HAL_Driver/Src/stm32wbxx_hal_rcc_ex.o
 .text.LL_RCC_LSE_IsReady
                0x0000000008003628       0x24 ./Drivers/STM32WBxx_HAL_Driver/Src/stm32wbxx_hal_rcc_ex.o
 .text.LL_RCC_SetRFWKPClockSource
                0x000000000800364c       0x2c ./Drivers/STM32WBxx_HAL_Driver/Src/stm32wbxx_hal_rcc_ex.o
 .text.LL_RCC_SetSMPSClockSource
                0x0000000008003678       0x28 ./Drivers/STM32WBxx_HAL_Driver/Src/stm32wbxx_hal_rcc_ex.o
 .text.LL_RCC_SetSMPSPrescaler
                0x00000000080036a0       0x28 ./Drivers/STM32WBxx_HAL_Driver/Src/stm32wbxx_hal_rcc_ex.o
 .text.LL_RCC_SetUSARTClockSource
                0x00000000080036c8       0x2c ./Drivers/STM32WBxx_HAL_Driver/Src/stm32wbxx_hal_rcc_ex.o
 .text.LL_RCC_SetLPUARTClockSource
                0x00000000080036f4       0x2c ./Drivers/STM32WBxx_HAL_Driver/Src/stm32wbxx_hal_rcc_ex.o
 .text.LL_RCC_SetI2CClockSource
                0x0000000008003720       0x3a ./Drivers/STM32WBxx_HAL_Driver/Src/stm32wbxx_hal_rcc_ex.o
 .text.LL_RCC_SetLPTIMClockSource
                0x000000000800375a       0x34 ./Drivers/STM32WBxx_HAL_Driver/Src/stm32wbxx_hal_rcc_ex.o
 .text.LL_RCC_SetSAIClockSource
                0x000000000800378e       0x2c ./Drivers/STM32WBxx_HAL_Driver/Src/stm32wbxx_hal_rcc_ex.o
 .text.LL_RCC_SetRNGClockSource
                0x00000000080037ba       0x2c ./Drivers/STM32WBxx_HAL_Driver/Src/stm32wbxx_hal_rcc_ex.o
 .text.LL_RCC_SetCLK48ClockSource
                0x00000000080037e6       0x2c ./Drivers/STM32WBxx_HAL_Driver/Src/stm32wbxx_hal_rcc_ex.o
 .text.LL_RCC_SetUSBClockSource
                0x0000000008003812       0x16 ./Drivers/STM32WBxx_HAL_Driver/Src/stm32wbxx_hal_rcc_ex.o
 .text.LL_RCC_SetADCClockSource
                0x0000000008003828       0x2c ./Drivers/STM32WBxx_HAL_Driver/Src/stm32wbxx_hal_rcc_ex.o
 .text.LL_RCC_SetRTCClockSource
                0x0000000008003854       0x2c ./Drivers/STM32WBxx_HAL_Driver/Src/stm32wbxx_hal_rcc_ex.o
 .text.LL_RCC_GetRTCClockSource
                0x0000000008003880       0x1a ./Drivers/STM32WBxx_HAL_Driver/Src/stm32wbxx_hal_rcc_ex.o
 .text.LL_RCC_ForceBackupDomainReset
                0x000000000800389a       0x22 ./Drivers/STM32WBxx_HAL_Driver/Src/stm32wbxx_hal_rcc_ex.o
 .text.LL_RCC_ReleaseBackupDomainReset
                0x00000000080038bc       0x22 ./Drivers/STM32WBxx_HAL_Driver/Src/stm32wbxx_hal_rcc_ex.o
 .text.LL_RCC_PLLSAI1_Enable
                0x00000000080038de       0x1e ./Drivers/STM32WBxx_HAL_Driver/Src/stm32wbxx_hal_rcc_ex.o
 .text.LL_RCC_PLLSAI1_Disable
                0x00000000080038fc       0x1e ./Drivers/STM32WBxx_HAL_Driver/Src/stm32wbxx_hal_rcc_ex.o
 .text.LL_RCC_PLLSAI1_IsReady
                0x000000000800391a       0x24 ./Drivers/STM32WBxx_HAL_Driver/Src/stm32wbxx_hal_rcc_ex.o
 .text.HAL_RCCEx_PeriphCLKConfig
                0x000000000800393e      0x2ec ./Drivers/STM32WBxx_HAL_Driver/Src/stm32wbxx_hal_rcc_ex.o
                0x000000000800393e                HAL_RCCEx_PeriphCLKConfig
 .text.RCCEx_PLLSAI1_ConfigNP
                0x0000000008003c2a       0xb6 ./Drivers/STM32WBxx_HAL_Driver/Src/stm32wbxx_hal_rcc_ex.o
 .text.RCCEx_PLLSAI1_ConfigNQ
                0x0000000008003ce0       0xb6 ./Drivers/STM32WBxx_HAL_Driver/Src/stm32wbxx_hal_rcc_ex.o
 .text.RCCEx_PLLSAI1_ConfigNR
                0x0000000008003d96       0xb6 ./Drivers/STM32WBxx_HAL_Driver/Src/stm32wbxx_hal_rcc_ex.o
 .text.HAL_RTC_Init
                0x0000000008003e4c      0x13c ./Drivers/STM32WBxx_HAL_Driver/Src/stm32wbxx_hal_rtc.o
                0x0000000008003e4c                HAL_RTC_Init
 .text.HAL_RTC_WaitForSynchro
                0x0000000008003f88       0x4c ./Drivers/STM32WBxx_HAL_Driver/Src/stm32wbxx_hal_rtc.o
                0x0000000008003f88                HAL_RTC_WaitForSynchro
 .text.RTC_EnterInitMode
                0x0000000008003fd4       0x54 ./Drivers/STM32WBxx_HAL_Driver/Src/stm32wbxx_hal_rtc.o
                0x0000000008003fd4                RTC_EnterInitMode
 .text.HAL_RTCEx_SetWakeUpTimer_IT
                0x0000000008004028      0x178 ./Drivers/STM32WBxx_HAL_Driver/Src/stm32wbxx_hal_rtc_ex.o
                0x0000000008004028                HAL_RTCEx_SetWakeUpTimer_IT
 .text.aci_gap_set_non_discoverable
                0x00000000080041a0       0x48 ./Middlewares/ST/STM32_WPAN/ble/core/auto/ble_gap_aci.o
                0x00000000080041a0                aci_gap_set_non_discoverable
 .text.aci_gap_set_discoverable
                0x00000000080041e8      0x1f4 ./Middlewares/ST/STM32_WPAN/ble/core/auto/ble_gap_aci.o
                0x00000000080041e8                aci_gap_set_discoverable
 .text.aci_gap_set_io_capability
                0x00000000080043dc       0xa8 ./Middlewares/ST/STM32_WPAN/ble/core/auto/ble_gap_aci.o
                0x00000000080043dc                aci_gap_set_io_capability
 .text.aci_gap_set_authentication_requirement
                0x0000000008004484      0x188 ./Middlewares/ST/STM32_WPAN/ble/core/auto/ble_gap_aci.o
                0x0000000008004484                aci_gap_set_authentication_requirement
 .text.aci_gap_pass_key_resp
                0x000000000800460c       0xce ./Middlewares/ST/STM32_WPAN/ble/core/auto/ble_gap_aci.o
                0x000000000800460c                aci_gap_pass_key_resp
 .text.aci_gap_init
                0x00000000080046da      0x15a ./Middlewares/ST/STM32_WPAN/ble/core/auto/ble_gap_aci.o
                0x00000000080046da                aci_gap_init
 .text.aci_gap_update_adv_data
                0x0000000008004834       0xe4 ./Middlewares/ST/STM32_WPAN/ble/core/auto/ble_gap_aci.o
                0x0000000008004834                aci_gap_update_adv_data
 .text.aci_gap_configure_whitelist
                0x0000000008004918       0x48 ./Middlewares/ST/STM32_WPAN/ble/core/auto/ble_gap_aci.o
                0x0000000008004918                aci_gap_configure_whitelist
 .text.aci_gap_numeric_comparison_value_confirm_yesno
                0x0000000008004960       0xce ./Middlewares/ST/STM32_WPAN/ble/core/auto/ble_gap_aci.o
                0x0000000008004960                aci_gap_numeric_comparison_value_confirm_yesno
 .text.aci_gatt_init
                0x0000000008004a2e       0x4a ./Middlewares/ST/STM32_WPAN/ble/core/auto/ble_gatt_aci.o
                0x0000000008004a2e                aci_gatt_init
 .text.aci_gatt_add_service
                0x0000000008004a78      0x1ac ./Middlewares/ST/STM32_WPAN/ble/core/auto/ble_gatt_aci.o
                0x0000000008004a78                aci_gatt_add_service
 .text.aci_gatt_add_char
                0x0000000008004c24      0x210 ./Middlewares/ST/STM32_WPAN/ble/core/auto/ble_gatt_aci.o
                0x0000000008004c24                aci_gatt_add_char
 .text.aci_gatt_update_char_value
                0x0000000008004e34      0x152 ./Middlewares/ST/STM32_WPAN/ble/core/auto/ble_gatt_aci.o
                0x0000000008004e34                aci_gatt_update_char_value
 .text.aci_hal_write_config_data
                0x0000000008004f86      0x10a ./Middlewares/ST/STM32_WPAN/ble/core/auto/ble_hal_aci.o
                0x0000000008004f86                aci_hal_write_config_data
 .text.aci_hal_set_tx_power_level
                0x0000000008005090       0xce ./Middlewares/ST/STM32_WPAN/ble/core/auto/ble_hal_aci.o
                0x0000000008005090                aci_hal_set_tx_power_level
 .text.aci_hal_set_radio_activity_mask
                0x000000000800515e       0xa8 ./Middlewares/ST/STM32_WPAN/ble/core/auto/ble_hal_aci.o
                0x000000000800515e                aci_hal_set_radio_activity_mask
 .text.hci_reset
                0x0000000008005206       0x48 ./Middlewares/ST/STM32_WPAN/ble/core/auto/ble_hci_le.o
                0x0000000008005206                hci_reset
 .text.hci_le_set_default_phy
                0x000000000800524e       0xfa ./Middlewares/ST/STM32_WPAN/ble/core/auto/ble_hci_le.o
                0x000000000800524e                hci_le_set_default_phy
 .text.Osal_MemCpy
                0x0000000008005348       0x20 ./Middlewares/ST/STM32_WPAN/ble/core/template/osal.o
                0x0000000008005348                Osal_MemCpy
 .text.Osal_MemSet
                0x0000000008005368       0x20 ./Middlewares/ST/STM32_WPAN/ble/core/template/osal.o
                0x0000000008005368                Osal_MemSet
 .text.BAS_Init
                0x0000000008005388        0xe ./Middlewares/ST/STM32_WPAN/ble/svc/Src/svc_ctl.o
                0x0000000008005388                BAS_Init
 .text.BLS_Init
                0x0000000008005396        0xe ./Middlewares/ST/STM32_WPAN/ble/svc/Src/svc_ctl.o
                0x0000000008005396                BLS_Init
 .text.CRS_STM_Init
                0x00000000080053a4        0xe ./Middlewares/ST/STM32_WPAN/ble/svc/Src/svc_ctl.o
                0x00000000080053a4                CRS_STM_Init
 .text.DIS_Init
                0x00000000080053b2        0xe ./Middlewares/ST/STM32_WPAN/ble/svc/Src/svc_ctl.o
                0x00000000080053b2                DIS_Init
 .text.EDS_STM_Init
                0x00000000080053c0        0xe ./Middlewares/ST/STM32_WPAN/ble/svc/Src/svc_ctl.o
                0x00000000080053c0                EDS_STM_Init
 .text.HIDS_Init
                0x00000000080053ce        0xe ./Middlewares/ST/STM32_WPAN/ble/svc/Src/svc_ctl.o
                0x00000000080053ce                HIDS_Init
 .text.HRS_Init
                0x00000000080053dc        0xe ./Middlewares/ST/STM32_WPAN/ble/svc/Src/svc_ctl.o
                0x00000000080053dc                HRS_Init
 .text.HTS_Init
                0x00000000080053ea        0xe ./Middlewares/ST/STM32_WPAN/ble/svc/Src/svc_ctl.o
                0x00000000080053ea                HTS_Init
 .text.IAS_Init
                0x00000000080053f8        0xe ./Middlewares/ST/STM32_WPAN/ble/svc/Src/svc_ctl.o
                0x00000000080053f8                IAS_Init
 .text.LLS_Init
                0x0000000008005406        0xe ./Middlewares/ST/STM32_WPAN/ble/svc/Src/svc_ctl.o
                0x0000000008005406                LLS_Init
 .text.TPS_Init
                0x0000000008005414        0xe ./Middlewares/ST/STM32_WPAN/ble/svc/Src/svc_ctl.o
                0x0000000008005414                TPS_Init
 .text.MOTENV_STM_Init
                0x0000000008005422        0xe ./Middlewares/ST/STM32_WPAN/ble/svc/Src/svc_ctl.o
                0x0000000008005422                MOTENV_STM_Init
 .text.P2PS_STM_Init
                0x0000000008005430        0xe ./Middlewares/ST/STM32_WPAN/ble/svc/Src/svc_ctl.o
                0x0000000008005430                P2PS_STM_Init
 .text.ZDD_STM_Init
                0x000000000800543e        0xe ./Middlewares/ST/STM32_WPAN/ble/svc/Src/svc_ctl.o
                0x000000000800543e                ZDD_STM_Init
 .text.OTAS_STM_Init
                0x000000000800544c        0xe ./Middlewares/ST/STM32_WPAN/ble/svc/Src/svc_ctl.o
                0x000000000800544c                OTAS_STM_Init
 .text.MESH_Init
                0x000000000800545a        0xe ./Middlewares/ST/STM32_WPAN/ble/svc/Src/svc_ctl.o
                0x000000000800545a                MESH_Init
 .text.BVOPUS_STM_Init
                0x0000000008005468        0xe ./Middlewares/ST/STM32_WPAN/ble/svc/Src/svc_ctl.o
                0x0000000008005468                BVOPUS_STM_Init
 *fill*         0x0000000008005476        0x2 
 .text.SVCCTL_Init
                0x0000000008005478       0x20 ./Middlewares/ST/STM32_WPAN/ble/svc/Src/svc_ctl.o
                0x0000000008005478                SVCCTL_Init
 .text.SVCCTL_SvcInit
                0x0000000008005498       0x50 ./Middlewares/ST/STM32_WPAN/ble/svc/Src/svc_ctl.o
                0x0000000008005498                SVCCTL_SvcInit
 .text.SVCCTL_RegisterSvcHandler
                0x00000000080054e8       0x34 ./Middlewares/ST/STM32_WPAN/ble/svc/Src/svc_ctl.o
                0x00000000080054e8                SVCCTL_RegisterSvcHandler
 .text.SVCCTL_UserEvtRx
                0x000000000800551c       0xa8 ./Middlewares/ST/STM32_WPAN/ble/svc/Src/svc_ctl.o
                0x000000000800551c                SVCCTL_UserEvtRx
 .text.SHCI_C2_BLE_Init
                0x00000000080055c4       0x2e ./Middlewares/ST/STM32_WPAN/interface/patterns/ble_thread/shci/shci.o
                0x00000000080055c4                SHCI_C2_BLE_Init
 .text.SHCI_C2_DEBUG_Init
                0x00000000080055f2       0x2e ./Middlewares/ST/STM32_WPAN/interface/patterns/ble_thread/shci/shci.o
                0x00000000080055f2                SHCI_C2_DEBUG_Init
 .text.SHCI_C2_Config
                0x0000000008005620       0x2a ./Middlewares/ST/STM32_WPAN/interface/patterns/ble_thread/shci/shci.o
                0x0000000008005620                SHCI_C2_Config
 *fill*         0x000000000800564a        0x2 
 .text.SHCI_GetWirelessFwInfo
                0x000000000800564c      0x15c ./Middlewares/ST/STM32_WPAN/interface/patterns/ble_thread/shci/shci.o
                0x000000000800564c                SHCI_GetWirelessFwInfo
 .text.hci_init
                0x00000000080057a8       0x38 ./Middlewares/ST/STM32_WPAN/interface/patterns/ble_thread/tl/hci_tl.o
                0x00000000080057a8                hci_init
 .text.hci_user_evt_proc
                0x00000000080057e0       0x9c ./Middlewares/ST/STM32_WPAN/interface/patterns/ble_thread/tl/hci_tl.o
                0x00000000080057e0                hci_user_evt_proc
 .text.hci_send_req
                0x000000000800587c       0xfc ./Middlewares/ST/STM32_WPAN/interface/patterns/ble_thread/tl/hci_tl.o
                0x000000000800587c                hci_send_req
 .text.TlInit   0x0000000008005978       0x60 ./Middlewares/ST/STM32_WPAN/interface/patterns/ble_thread/tl/hci_tl.o
 .text.SendCmd  0x00000000080059d8       0x4c ./Middlewares/ST/STM32_WPAN/interface/patterns/ble_thread/tl/hci_tl.o
 .text.NotifyCmdStatus
                0x0000000008005a24       0x40 ./Middlewares/ST/STM32_WPAN/interface/patterns/ble_thread/tl/hci_tl.o
 .text.TlEvtReceived
                0x0000000008005a64       0x48 ./Middlewares/ST/STM32_WPAN/interface/patterns/ble_thread/tl/hci_tl.o
 .text.hci_register_io_bus
                0x0000000008005aac       0x28 ./Middlewares/ST/STM32_WPAN/interface/patterns/ble_thread/tl/hci_tl_if.o
                0x0000000008005aac                hci_register_io_bus
 .text.shci_init
                0x0000000008005ad4       0x38 ./Middlewares/ST/STM32_WPAN/interface/patterns/ble_thread/tl/shci_tl.o
                0x0000000008005ad4                shci_init
 .text.shci_user_evt_proc
                0x0000000008005b0c       0x9c ./Middlewares/ST/STM32_WPAN/interface/patterns/ble_thread/tl/shci_tl.o
                0x0000000008005b0c                shci_user_evt_proc
 .text.shci_send
                0x0000000008005ba8       0x7c ./Middlewares/ST/STM32_WPAN/interface/patterns/ble_thread/tl/shci_tl.o
                0x0000000008005ba8                shci_send
 .text.TlInit   0x0000000008005c24       0x64 ./Middlewares/ST/STM32_WPAN/interface/patterns/ble_thread/tl/shci_tl.o
 .text.Cmd_SetStatus
                0x0000000008005c88       0x50 ./Middlewares/ST/STM32_WPAN/interface/patterns/ble_thread/tl/shci_tl.o
 .text.TlCmdEvtReceived
                0x0000000008005cd8       0x16 ./Middlewares/ST/STM32_WPAN/interface/patterns/ble_thread/tl/shci_tl.o
 *fill*         0x0000000008005cee        0x2 
 .text.TlUserEvtReceived
                0x0000000008005cf0       0x24 ./Middlewares/ST/STM32_WPAN/interface/patterns/ble_thread/tl/shci_tl.o
 .text.shci_register_io_bus
                0x0000000008005d14       0x28 ./Middlewares/ST/STM32_WPAN/interface/patterns/ble_thread/tl/shci_tl_if.o
                0x0000000008005d14                shci_register_io_bus
 .text.TL_Enable
                0x0000000008005d3c        0xc ./Middlewares/ST/STM32_WPAN/interface/patterns/ble_thread/tl/tl_mbox.o
                0x0000000008005d3c                TL_Enable
 .text.TL_Init  0x0000000008005d48       0x74 ./Middlewares/ST/STM32_WPAN/interface/patterns/ble_thread/tl/tl_mbox.o
                0x0000000008005d48                TL_Init
 .text.TL_BLE_Init
                0x0000000008005dbc       0x68 ./Middlewares/ST/STM32_WPAN/interface/patterns/ble_thread/tl/tl_mbox.o
                0x0000000008005dbc                TL_BLE_Init
 .text.TL_BLE_SendCmd
                0x0000000008005e24       0x38 ./Middlewares/ST/STM32_WPAN/interface/patterns/ble_thread/tl/tl_mbox.o
                0x0000000008005e24                TL_BLE_SendCmd
 .text.HW_IPCC_BLE_RxEvtNot
                0x0000000008005e5c       0x60 ./Middlewares/ST/STM32_WPAN/interface/patterns/ble_thread/tl/tl_mbox.o
                0x0000000008005e5c                HW_IPCC_BLE_RxEvtNot
 .text.HW_IPCC_BLE_AclDataAckNot
                0x0000000008005ebc       0x14 ./Middlewares/ST/STM32_WPAN/interface/patterns/ble_thread/tl/tl_mbox.o
                0x0000000008005ebc                HW_IPCC_BLE_AclDataAckNot
 .text.TL_SYS_Init
                0x0000000008005ed0       0x54 ./Middlewares/ST/STM32_WPAN/interface/patterns/ble_thread/tl/tl_mbox.o
                0x0000000008005ed0                TL_SYS_Init
 .text.TL_SYS_SendCmd
                0x0000000008005f24       0x38 ./Middlewares/ST/STM32_WPAN/interface/patterns/ble_thread/tl/tl_mbox.o
                0x0000000008005f24                TL_SYS_SendCmd
 .text.HW_IPCC_SYS_CmdEvtNot
                0x0000000008005f5c       0x2c ./Middlewares/ST/STM32_WPAN/interface/patterns/ble_thread/tl/tl_mbox.o
                0x0000000008005f5c                HW_IPCC_SYS_CmdEvtNot
 .text.HW_IPCC_SYS_EvtNot
                0x0000000008005f88       0x44 ./Middlewares/ST/STM32_WPAN/interface/patterns/ble_thread/tl/tl_mbox.o
                0x0000000008005f88                HW_IPCC_SYS_EvtNot
 .text.TL_MM_Init
                0x0000000008005fcc       0x78 ./Middlewares/ST/STM32_WPAN/interface/patterns/ble_thread/tl/tl_mbox.o
                0x0000000008005fcc                TL_MM_Init
 .text.TL_MM_EvtDone
                0x0000000008006044       0x30 ./Middlewares/ST/STM32_WPAN/interface/patterns/ble_thread/tl/tl_mbox.o
                0x0000000008006044                TL_MM_EvtDone
 .text.SendFreeBuf
                0x0000000008006074       0x40 ./Middlewares/ST/STM32_WPAN/interface/patterns/ble_thread/tl/tl_mbox.o
 .text.TL_TRACES_Init
                0x00000000080060b4       0x24 ./Middlewares/ST/STM32_WPAN/interface/patterns/ble_thread/tl/tl_mbox.o
                0x00000000080060b4                TL_TRACES_Init
 .text.HW_IPCC_TRACES_EvtNot
                0x00000000080060d8       0x34 ./Middlewares/ST/STM32_WPAN/interface/patterns/ble_thread/tl/tl_mbox.o
                0x00000000080060d8                HW_IPCC_TRACES_EvtNot
 .text.TL_TRACES_EvtReceived
                0x000000000800610c       0x14 ./Middlewares/ST/STM32_WPAN/interface/patterns/ble_thread/tl/tl_mbox.o
                0x000000000800610c                TL_TRACES_EvtReceived
 .text.OutputDbgTrace
                0x0000000008006120       0xac ./Middlewares/ST/STM32_WPAN/interface/patterns/ble_thread/tl/tl_mbox.o
 .text.OTP_Read
                0x00000000080061cc       0x50 ./Middlewares/ST/STM32_WPAN/utilities/otp.o
                0x00000000080061cc                OTP_Read
 .text.LST_init_head
                0x000000000800621c       0x20 ./Middlewares/ST/STM32_WPAN/utilities/stm_list.o
                0x000000000800621c                LST_init_head
 .text.LST_is_empty
                0x000000000800623c       0x44 ./Middlewares/ST/STM32_WPAN/utilities/stm_list.o
                0x000000000800623c                LST_is_empty
 .text.LST_insert_head
                0x0000000008006280       0x4c ./Middlewares/ST/STM32_WPAN/utilities/stm_list.o
                0x0000000008006280                LST_insert_head
 .text.LST_insert_tail
                0x00000000080062cc       0x4c ./Middlewares/ST/STM32_WPAN/utilities/stm_list.o
                0x00000000080062cc                LST_insert_tail
 .text.LST_remove_node
                0x0000000008006318       0x42 ./Middlewares/ST/STM32_WPAN/utilities/stm_list.o
                0x0000000008006318                LST_remove_node
 .text.LST_remove_head
                0x000000000800635a       0x3e ./Middlewares/ST/STM32_WPAN/utilities/stm_list.o
                0x000000000800635a                LST_remove_head
 .text.LL_FLASH_GetUDN
                0x0000000008006398       0x18 ./STM32_WPAN/App/app_ble.o
 .text.LL_FLASH_GetDeviceID
                0x00000000080063b0       0x18 ./STM32_WPAN/App/app_ble.o
 .text.LL_FLASH_GetSTCompanyID
                0x00000000080063c8       0x18 ./STM32_WPAN/App/app_ble.o
 .text.APP_BLE_Init
                0x00000000080063e0       0xc8 ./STM32_WPAN/App/app_ble.o
                0x00000000080063e0                APP_BLE_Init
 .text.SVCCTL_App_Notification
                0x00000000080064a8      0x180 ./STM32_WPAN/App/app_ble.o
                0x00000000080064a8                SVCCTL_App_Notification
 .text.Ble_Tl_Init
                0x0000000008006628       0x2c ./STM32_WPAN/App/app_ble.o
 .text.Ble_Hci_Gap_Gatt_Init
                0x0000000008006654      0x168 ./STM32_WPAN/App/app_ble.o
 .text.Adv_Request
                0x00000000080067bc       0x60 ./STM32_WPAN/App/app_ble.o
 .text.BleGetBdAddress
                0x000000000800681c       0x88 ./STM32_WPAN/App/app_ble.o
 .text.Adv_Cancel
                0x00000000080068a4       0x34 ./STM32_WPAN/App/app_ble.o
 .text.hci_notify_asynch_evt
                0x00000000080068d8       0x18 ./STM32_WPAN/App/app_ble.o
                0x00000000080068d8                hci_notify_asynch_evt
 .text.hci_cmd_resp_release
                0x00000000080068f0       0x16 ./STM32_WPAN/App/app_ble.o
                0x00000000080068f0                hci_cmd_resp_release
 .text.hci_cmd_resp_wait
                0x0000000008006906       0x16 ./STM32_WPAN/App/app_ble.o
                0x0000000008006906                hci_cmd_resp_wait
 .text.BLE_UserEvtRx
                0x000000000800691c       0x38 ./STM32_WPAN/App/app_ble.o
 .text.BLE_StatusNot
                0x0000000008006954       0x36 ./STM32_WPAN/App/app_ble.o
 *fill*         0x000000000800698a        0x2 
 .text.myTask   0x000000000800698c       0x38 ./STM32_WPAN/App/custom_app.o
                0x000000000800698c                myTask
 .text.Custom_STM_App_Notification
                0x00000000080069c4       0x38 ./STM32_WPAN/App/custom_app.o
                0x00000000080069c4                Custom_STM_App_Notification
 .text.Custom_APP_Notification
                0x00000000080069fc       0x28 ./STM32_WPAN/App/custom_app.o
                0x00000000080069fc                Custom_APP_Notification
 .text.Custom_APP_Init
                0x0000000008006a24        0xe ./STM32_WPAN/App/custom_app.o
                0x0000000008006a24                Custom_APP_Init
 *fill*         0x0000000008006a32        0x2 
 .text.Custom_Neill_char_notify_Update_Char
                0x0000000008006a34       0x2c ./STM32_WPAN/App/custom_app.o
 .text.Custom_STM_Event_Handler
                0x0000000008006a60       0xdc ./STM32_WPAN/App/custom_stm.o
 .text.SVCCTL_InitCustomSvc
                0x0000000008006b3c      0x160 ./STM32_WPAN/App/custom_stm.o
                0x0000000008006b3c                SVCCTL_InitCustomSvc
 .text.Custom_STM_App_Update_Char
                0x0000000008006c9c       0x70 ./STM32_WPAN/App/custom_stm.o
                0x0000000008006c9c                Custom_STM_App_Update_Char
 .text.LL_PWR_EnableBootC2
                0x0000000008006d0c       0x20 ./STM32_WPAN/Target/hw_ipcc.o
 .text.LL_C2_EXTI_EnableEvent_32_63
                0x0000000008006d2c       0x28 ./STM32_WPAN/Target/hw_ipcc.o
 .text.LL_EXTI_EnableRisingTrig_32_63
                0x0000000008006d54       0x24 ./STM32_WPAN/Target/hw_ipcc.o
 .text.LL_AHB3_GRP1_EnableClock
                0x0000000008006d78       0x32 ./STM32_WPAN/Target/hw_ipcc.o
 .text.LL_C2_AHB3_GRP1_EnableClock
                0x0000000008006daa       0x38 ./STM32_WPAN/Target/hw_ipcc.o
 .text.LL_C1_IPCC_EnableIT_TXF
                0x0000000008006de2       0x20 ./STM32_WPAN/Target/hw_ipcc.o
 .text.LL_C1_IPCC_EnableIT_RXO
                0x0000000008006e02       0x20 ./STM32_WPAN/Target/hw_ipcc.o
 .text.LL_C1_IPCC_EnableTransmitChannel
                0x0000000008006e22       0x26 ./STM32_WPAN/Target/hw_ipcc.o
 .text.LL_C1_IPCC_DisableTransmitChannel
                0x0000000008006e48       0x24 ./STM32_WPAN/Target/hw_ipcc.o
 .text.LL_C1_IPCC_EnableReceiveChannel
                0x0000000008006e6c       0x24 ./STM32_WPAN/Target/hw_ipcc.o
 .text.LL_C1_IPCC_ClearFlag_CHx
                0x0000000008006e90       0x1c ./STM32_WPAN/Target/hw_ipcc.o
 .text.LL_C1_IPCC_SetFlag_CHx
                0x0000000008006eac       0x1e ./STM32_WPAN/Target/hw_ipcc.o
 .text.LL_C1_IPCC_IsActiveFlag_CHx
                0x0000000008006eca       0x2a ./STM32_WPAN/Target/hw_ipcc.o
 .text.LL_C2_IPCC_IsActiveFlag_CHx
                0x0000000008006ef4       0x2a ./STM32_WPAN/Target/hw_ipcc.o
 *fill*         0x0000000008006f1e        0x2 
 .text.HW_IPCC_Rx_Handler
                0x0000000008006f20       0x70 ./STM32_WPAN/Target/hw_ipcc.o
                0x0000000008006f20                HW_IPCC_Rx_Handler
 .text.HW_IPCC_Tx_Handler
                0x0000000008006f90       0x74 ./STM32_WPAN/Target/hw_ipcc.o
                0x0000000008006f90                HW_IPCC_Tx_Handler
 .text.HW_IPCC_Enable
                0x0000000008007004       0x28 ./STM32_WPAN/Target/hw_ipcc.o
                0x0000000008007004                HW_IPCC_Enable
 .text.HW_IPCC_Init
                0x000000000800702c       0x2c ./STM32_WPAN/Target/hw_ipcc.o
                0x000000000800702c                HW_IPCC_Init
 .text.HW_IPCC_BLE_Init
                0x0000000008007058       0x14 ./STM32_WPAN/Target/hw_ipcc.o
                0x0000000008007058                HW_IPCC_BLE_Init
 .text.HW_IPCC_BLE_SendCmd
                0x000000000800706c       0x14 ./STM32_WPAN/Target/hw_ipcc.o
                0x000000000800706c                HW_IPCC_BLE_SendCmd
 .text.HW_IPCC_BLE_EvtHandler
                0x0000000008007080       0x18 ./STM32_WPAN/Target/hw_ipcc.o
 .text.HW_IPCC_BLE_AclDataEvtHandler
                0x0000000008007098       0x18 ./STM32_WPAN/Target/hw_ipcc.o
 .text.HW_IPCC_SYS_Init
                0x00000000080070b0       0x14 ./STM32_WPAN/Target/hw_ipcc.o
                0x00000000080070b0                HW_IPCC_SYS_Init
 .text.HW_IPCC_SYS_SendCmd
                0x00000000080070c4       0x1c ./STM32_WPAN/Target/hw_ipcc.o
                0x00000000080070c4                HW_IPCC_SYS_SendCmd
 .text.HW_IPCC_SYS_CmdEvtHandler
                0x00000000080070e0       0x18 ./STM32_WPAN/Target/hw_ipcc.o
 .text.HW_IPCC_SYS_EvtHandler
                0x00000000080070f8       0x18 ./STM32_WPAN/Target/hw_ipcc.o
 .text.HW_IPCC_MM_SendFreeBuf
                0x0000000008007110       0x44 ./STM32_WPAN/Target/hw_ipcc.o
                0x0000000008007110                HW_IPCC_MM_SendFreeBuf
 .text.HW_IPCC_MM_FreeBufHandler
                0x0000000008007154       0x28 ./STM32_WPAN/Target/hw_ipcc.o
 .text.HW_IPCC_TRACES_Init
                0x000000000800717c       0x14 ./STM32_WPAN/Target/hw_ipcc.o
                0x000000000800717c                HW_IPCC_TRACES_Init
 .text.HW_IPCC_TRACES_EvtHandler
                0x0000000008007190       0x18 ./STM32_WPAN/Target/hw_ipcc.o
 .text.UTIL_LPM_Init
                0x00000000080071a8       0x24 ./Utilities/lpm/tiny_lpm/stm32_lpm.o
                0x00000000080071a8                UTIL_LPM_Init
 .text.UTIL_LPM_SetOffMode
                0x00000000080071cc       0x60 ./Utilities/lpm/tiny_lpm/stm32_lpm.o
                0x00000000080071cc                UTIL_LPM_SetOffMode
 .text.UTIL_SEQ_Run
                0x000000000800722c      0x1f8 ./Utilities/sequencer/stm32_seq.o
                0x000000000800722c                UTIL_SEQ_Run
 .text.UTIL_SEQ_RegTask
                0x0000000008007424       0x44 ./Utilities/sequencer/stm32_seq.o
                0x0000000008007424                UTIL_SEQ_RegTask
 .text.UTIL_SEQ_SetTask
                0x0000000008007468       0x58 ./Utilities/sequencer/stm32_seq.o
                0x0000000008007468                UTIL_SEQ_SetTask
 .text.UTIL_SEQ_PauseTask
                0x00000000080074c0       0x40 ./Utilities/sequencer/stm32_seq.o
                0x00000000080074c0                UTIL_SEQ_PauseTask
 .text.UTIL_SEQ_ResumeTask
                0x0000000008007500       0x40 ./Utilities/sequencer/stm32_seq.o
                0x0000000008007500                UTIL_SEQ_ResumeTask
 .text.UTIL_SEQ_SetEvt
                0x0000000008007540       0x40 ./Utilities/sequencer/stm32_seq.o
                0x0000000008007540                UTIL_SEQ_SetEvt
 .text.UTIL_SEQ_WaitEvt
                0x0000000008007580       0x94 ./Utilities/sequencer/stm32_seq.o
                0x0000000008007580                UTIL_SEQ_WaitEvt
 .text.UTIL_SEQ_PreIdle
                0x0000000008007614        0xe ./Utilities/sequencer/stm32_seq.o
                0x0000000008007614                UTIL_SEQ_PreIdle
 .text.UTIL_SEQ_PostIdle
                0x0000000008007622        0xe ./Utilities/sequencer/stm32_seq.o
                0x0000000008007622                UTIL_SEQ_PostIdle
 .text.SEQ_BitPosition
                0x0000000008007630       0x78 ./Utilities/sequencer/stm32_seq.o
                0x0000000008007630                SEQ_BitPosition
 .text.__libc_init_array
                0x00000000080076a8       0x48 /opt/st/stm32cubeide_1.10.1/plugins/com.st.stm32cube.ide.mcu.externaltools.gnu-tools-for-stm32.10.3-2021.10.linux64_1.0.200.202301161003/tools/bin/../lib/gcc/arm-none-eabi/10.3.1/../../../../arm-none-eabi/lib/thumb/v7e-m+fp/hard/libc_nano.a(lib_a-init.o)
                0x00000000080076a8                __libc_init_array
 .text.memcpy   0x00000000080076f0       0x1c /opt/st/stm32cubeide_1.10.1/plugins/com.st.stm32cube.ide.mcu.externaltools.gnu-tools-for-stm32.10.3-2021.10.linux64_1.0.200.202301161003/tools/bin/../lib/gcc/arm-none-eabi/10.3.1/../../../../arm-none-eabi/lib/thumb/v7e-m+fp/hard/libc_nano.a(lib_a-memcpy-stub.o)
                0x00000000080076f0                memcpy
 .text.memset   0x000000000800770c       0x10 /opt/st/stm32cubeide_1.10.1/plugins/com.st.stm32cube.ide.mcu.externaltools.gnu-tools-for-stm32.10.3-2021.10.linux64_1.0.200.202301161003/tools/bin/../lib/gcc/arm-none-eabi/10.3.1/../../../../arm-none-eabi/lib/thumb/v7e-m+fp/hard/libc_nano.a(lib_a-memset.o)
                0x000000000800770c                memset
 *(.glue_7)
 .glue_7        0x000000000800771c        0x0 linker stubs
 *(.glue_7t)
 .glue_7t       0x000000000800771c        0x0 linker stubs
 *(.eh_frame)
 .eh_frame      0x000000000800771c        0x0 /opt/st/stm32cubeide_1.10.1/plugins/com.st.stm32cube.ide.mcu.externaltools.gnu-tools-for-stm32.10.3-2021.10.linux64_1.0.200.202301161003/tools/bin/../lib/gcc/arm-none-eabi/10.3.1/thumb/v7e-m+fp/hard/crtbegin.o
 *(.init)
 .init          0x000000000800771c        0x4 /opt/st/stm32cubeide_1.10.1/plugins/com.st.stm32cube.ide.mcu.externaltools.gnu-tools-for-stm32.10.3-2021.10.linux64_1.0.200.202301161003/tools/bin/../lib/gcc/arm-none-eabi/10.3.1/thumb/v7e-m+fp/hard/crti.o
                0x000000000800771c                _init
 .init          0x0000000008007720        0x8 /opt/st/stm32cubeide_1.10.1/plugins/com.st.stm32cube.ide.mcu.externaltools.gnu-tools-for-stm32.10.3-2021.10.linux64_1.0.200.202301161003/tools/bin/../lib/gcc/arm-none-eabi/10.3.1/thumb/v7e-m+fp/hard/crtn.o
 *(.fini)
 .fini          0x0000000008007728        0x4 /opt/st/stm32cubeide_1.10.1/plugins/com.st.stm32cube.ide.mcu.externaltools.gnu-tools-for-stm32.10.3-2021.10.linux64_1.0.200.202301161003/tools/bin/../lib/gcc/arm-none-eabi/10.3.1/thumb/v7e-m+fp/hard/crti.o
                0x0000000008007728                _fini
 .fini          0x000000000800772c        0x8 /opt/st/stm32cubeide_1.10.1/plugins/com.st.stm32cube.ide.mcu.externaltools.gnu-tools-for-stm32.10.3-2021.10.linux64_1.0.200.202301161003/tools/bin/../lib/gcc/arm-none-eabi/10.3.1/thumb/v7e-m+fp/hard/crtn.o
                0x0000000008007734                . = ALIGN (0x4)
                0x0000000008007734                _etext = .

.vfp11_veneer   0x0000000008007734        0x0
 .vfp11_veneer  0x0000000008007734        0x0 linker stubs

.v4_bx          0x0000000008007734        0x0
 .v4_bx         0x0000000008007734        0x0 linker stubs

.iplt           0x0000000008007734        0x0
 .iplt          0x0000000008007734        0x0 /opt/st/stm32cubeide_1.10.1/plugins/com.st.stm32cube.ide.mcu.externaltools.gnu-tools-for-stm32.10.3-2021.10.linux64_1.0.200.202301161003/tools/bin/../lib/gcc/arm-none-eabi/10.3.1/thumb/v7e-m+fp/hard/crtbegin.o

.rodata         0x0000000008007734      0x274
                0x0000000008007734                . = ALIGN (0x4)
 *(.rodata)
 .rodata        0x0000000008007734       0x1b ./Core/Src/app_debug.o
 *fill*         0x000000000800774f        0x1 
 .rodata        0x0000000008007750       0x2c ./Drivers/STM32WBxx_HAL_Driver/Src/stm32wbxx_hal_rcc.o
 .rodata        0x000000000800777c       0x41 ./STM32_WPAN/App/app_ble.o
 *(.rodata*)
 *fill*         0x00000000080077bd        0x3 
 .rodata.aGpioConfigList
                0x00000000080077c0      0x130 ./Core/Src/app_debug.o
 .rodata.AHBPrescTable
                0x00000000080078f0       0x40 ./Core/Src/system_stm32wbxx.o
                0x00000000080078f0                AHBPrescTable
 .rodata.MSIRangeTable
                0x0000000008007930       0x40 ./Core/Src/system_stm32wbxx.o
                0x0000000008007930                MSIRangeTable
 .rodata.a_MBdAddr
                0x0000000008007970        0x6 ./STM32_WPAN/App/app_ble.o
 *fill*         0x0000000008007976        0x2 
 .rodata.a_BLE_CfgIrValue
                0x0000000008007978       0x10 ./STM32_WPAN/App/app_ble.o
 .rodata.a_BLE_CfgErValue
                0x0000000008007988       0x10 ./STM32_WPAN/App/app_ble.o
 .rodata.SEQ_clz_table_4bit
                0x0000000008007998       0x10 ./Utilities/sequencer/stm32_seq.o
                0x0000000008007998                SEQ_clz_table_4bit
                0x00000000080079a8                . = ALIGN (0x4)

.rel.dyn        0x00000000080079a8        0x0
 .rel.iplt      0x00000000080079a8        0x0 /opt/st/stm32cubeide_1.10.1/plugins/com.st.stm32cube.ide.mcu.externaltools.gnu-tools-for-stm32.10.3-2021.10.linux64_1.0.200.202301161003/tools/bin/../lib/gcc/arm-none-eabi/10.3.1/thumb/v7e-m+fp/hard/crtbegin.o

.ARM.extab
 *(.ARM.extab* .gnu.linkonce.armextab.*)

.ARM            0x00000000080079a8        0x0
                0x00000000080079a8                __exidx_start = .
 *(.ARM.exidx*)
                0x00000000080079a8                __exidx_end = .

.preinit_array  0x00000000080079a8        0x0
                0x00000000080079a8                PROVIDE (__preinit_array_start = .)
 *(.preinit_array*)
                0x00000000080079a8                PROVIDE (__preinit_array_end = .)

.init_array     0x00000000080079a8        0x4
                0x00000000080079a8                PROVIDE (__init_array_start = .)
 *(SORT_BY_NAME(.init_array.*))
 *(.init_array*)
 .init_array    0x00000000080079a8        0x4 /opt/st/stm32cubeide_1.10.1/plugins/com.st.stm32cube.ide.mcu.externaltools.gnu-tools-for-stm32.10.3-2021.10.linux64_1.0.200.202301161003/tools/bin/../lib/gcc/arm-none-eabi/10.3.1/thumb/v7e-m+fp/hard/crtbegin.o
                0x00000000080079ac                PROVIDE (__init_array_end = .)

.fini_array     0x00000000080079ac        0x4
                [!provide]                        PROVIDE (__fini_array_start = .)
 *(SORT_BY_NAME(.fini_array.*))
 *(.fini_array*)
 .fini_array    0x00000000080079ac        0x4 /opt/st/stm32cubeide_1.10.1/plugins/com.st.stm32cube.ide.mcu.externaltools.gnu-tools-for-stm32.10.3-2021.10.linux64_1.0.200.202301161003/tools/bin/../lib/gcc/arm-none-eabi/10.3.1/thumb/v7e-m+fp/hard/crtbegin.o
                [!provide]                        PROVIDE (__fini_array_end = .)
                0x00000000080079b0                _sidata = LOADADDR (.data)

.data           0x0000000020000004       0x24 load address 0x00000000080079b0
                0x0000000020000004                . = ALIGN (0x4)
                0x0000000020000004                _sdata = .
 *(.data)
 *(.data*)
 .data.SystemCoreClock
                0x0000000020000004        0x4 ./Core/Src/system_stm32wbxx.o
                0x0000000020000004                SystemCoreClock
 .data.uwTickPrio
                0x0000000020000008        0x4 ./Drivers/STM32WBxx_HAL_Driver/Src/stm32wbxx_hal.o
                0x0000000020000008                uwTickPrio
 .data.uwTickFreq
                0x000000002000000c        0x1 ./Drivers/STM32WBxx_HAL_Driver/Src/stm32wbxx_hal.o
                0x000000002000000c                uwTickFreq
 *fill*         0x000000002000000d        0x3 
 .data.a_AdvData
                0x0000000020000010        0xb ./STM32_WPAN/App/app_ble.o
                0x0000000020000010                a_AdvData
 .data.SizeNeill_Char_Write
                0x000000002000001b        0x1 ./STM32_WPAN/App/custom_stm.o
                0x000000002000001b                SizeNeill_Char_Write
 .data.SizeNeill_Char_Notify
                0x000000002000001c        0x1 ./STM32_WPAN/App/custom_stm.o
                0x000000002000001c                SizeNeill_Char_Notify
 *fill*         0x000000002000001d        0x3 
 .data.TaskMask
                0x0000000020000020        0x4 ./Utilities/sequencer/stm32_seq.o
 .data.SuperMask
                0x0000000020000024        0x4 ./Utilities/sequencer/stm32_seq.o
 *(.RamFunc)
 *(.RamFunc*)
                0x0000000020000028                . = ALIGN (0x4)
                0x0000000020000028                _edata = .

.igot.plt       0x0000000020000028        0x0 load address 0x00000000080079d4
 .igot.plt      0x0000000020000028        0x0 /opt/st/stm32cubeide_1.10.1/plugins/com.st.stm32cube.ide.mcu.externaltools.gnu-tools-for-stm32.10.3-2021.10.linux64_1.0.200.202301161003/tools/bin/../lib/gcc/arm-none-eabi/10.3.1/thumb/v7e-m+fp/hard/crtbegin.o

TIMERSERVER_CONTEXT
                0x0000000020000028       0x99 load address 0x00000000080079d4
 TIMERSERVER_CONTEXT
                0x0000000020000028       0x99 ./Core/Src/hw_timerserver.o

BLE_DRIVER_CONTEXT
                0x00000000200000c4       0x3e load address 0x0000000008007a6d
 BLE_DRIVER_CONTEXT
                0x00000000200000c4       0x21 ./Middlewares/ST/STM32_WPAN/ble/svc/Src/svc_ctl.o
                0x00000000200000c4                SVCCTL_EvtHandler
                0x00000000200000e4                SVCCTL_CltHandler
 *fill*         0x00000000200000e5        0x3 
 BLE_DRIVER_CONTEXT
                0x00000000200000e8       0x11 ./Middlewares/ST/STM32_WPAN/interface/patterns/ble_thread/tl/hci_tl.o
                0x00000000200000f8                UserEventFlow
 *fill*         0x00000000200000f9        0x3 
 BLE_DRIVER_CONTEXT
                0x00000000200000fc        0x6 ./STM32_WPAN/App/custom_stm.o

SYSTEM_DRIVER_CONTEXT
                0x0000000020000104       0x11 load address 0x0000000008007aab
 SYSTEM_DRIVER_CONTEXT
                0x0000000020000104       0x11 ./Middlewares/ST/STM32_WPAN/interface/patterns/ble_thread/tl/shci_tl.o
                0x0000000020000114                SHCI_TL_UserEventFlow

BLE_APP_CONTEXT
                0x0000000020000118       0x84 load address 0x0000000008007abc
 BLE_APP_CONTEXT
                0x0000000020000118       0x84 ./STM32_WPAN/App/app_ble.o
                0x000000002000019c                . = ALIGN (0x4)

.bss            0x000000002000019c      0x2a8 load address 0x0000000008007b40
                0x000000002000019c                _sbss = .
                0x000000002000019c                __bss_start__ = _sbss
 *(.bss)
 .bss           0x000000002000019c       0x1c /opt/st/stm32cubeide_1.10.1/plugins/com.st.stm32cube.ide.mcu.externaltools.gnu-tools-for-stm32.10.3-2021.10.linux64_1.0.200.202301161003/tools/bin/../lib/gcc/arm-none-eabi/10.3.1/thumb/v7e-m+fp/hard/crtbegin.o
 *(.bss*)
 .bss.phrtc     0x00000000200001b8        0x4 ./Core/Src/hw_timerserver.o
 .bss.WakeupTimerDivider
                0x00000000200001bc        0x1 ./Core/Src/hw_timerserver.o
 .bss.AsynchPrescalerUserConfig
                0x00000000200001bd        0x1 ./Core/Src/hw_timerserver.o
 .bss.SynchPrescalerUserConfig
                0x00000000200001be        0x2 ./Core/Src/hw_timerserver.o
 .bss.MaxWakeupTimerSetup
                0x00000000200001c0        0x2 ./Core/Src/hw_timerserver.o
 *fill*         0x00000000200001c2        0x2 
 .bss.hipcc     0x00000000200001c4       0x3c ./Core/Src/main.o
                0x00000000200001c4                hipcc
 .bss.hrtc      0x0000000020000200       0x24 ./Core/Src/main.o
                0x0000000020000200                hrtc
 .bss.uwTick    0x0000000020000224        0x4 ./Drivers/STM32WBxx_HAL_Driver/Src/stm32wbxx_hal.o
                0x0000000020000224                uwTick
 .bss.hciContext
                0x0000000020000228       0x20 ./Middlewares/ST/STM32_WPAN/interface/patterns/ble_thread/tl/hci_tl.o
 .bss.HciCmdEventQueue
                0x0000000020000248        0x8 ./Middlewares/ST/STM32_WPAN/interface/patterns/ble_thread/tl/hci_tl.o
 .bss.StatusNotCallBackFunction
                0x0000000020000250        0x4 ./Middlewares/ST/STM32_WPAN/interface/patterns/ble_thread/tl/hci_tl.o
 .bss.shciContext
                0x0000000020000254       0x20 ./Middlewares/ST/STM32_WPAN/interface/patterns/ble_thread/tl/shci_tl.o
 .bss.StatusNotCallBackFunction
                0x0000000020000274        0x4 ./Middlewares/ST/STM32_WPAN/interface/patterns/ble_thread/tl/shci_tl.o
 .bss.LocalFreeBufQueue
                0x0000000020000278        0x8 ./Middlewares/ST/STM32_WPAN/interface/patterns/ble_thread/tl/tl_mbox.o
 .bss.BLE_IoBusEvtCallBackFunction
                0x0000000020000280        0x4 ./Middlewares/ST/STM32_WPAN/interface/patterns/ble_thread/tl/tl_mbox.o
 .bss.BLE_IoBusAclDataTxAck
                0x0000000020000284        0x4 ./Middlewares/ST/STM32_WPAN/interface/patterns/ble_thread/tl/tl_mbox.o
 .bss.SYS_CMD_IoBusCallBackFunction
                0x0000000020000288        0x4 ./Middlewares/ST/STM32_WPAN/interface/patterns/ble_thread/tl/tl_mbox.o
 .bss.SYS_EVT_IoBusCallBackFunction
                0x000000002000028c        0x4 ./Middlewares/ST/STM32_WPAN/interface/patterns/ble_thread/tl/tl_mbox.o
 .bss.p_mem_manager_table.0
                0x0000000020000290        0x4 ./Middlewares/ST/STM32_WPAN/interface/patterns/ble_thread/tl/tl_mbox.o
 .bss.a_BdAddrUdn
                0x0000000020000294        0x6 ./STM32_WPAN/App/app_ble.o
 *fill*         0x000000002000029a        0x2 
 .bss.HandleNotification
                0x000000002000029c        0x4 ./STM32_WPAN/App/app_ble.o
                0x000000002000029c                HandleNotification
 .bss.UpdateCharData
                0x00000000200002a0       0xf7 ./STM32_WPAN/App/custom_app.o
                0x00000000200002a0                UpdateCharData
 *fill*         0x0000000020000397        0x1 
 .bss.FreeBufCb
                0x0000000020000398        0x4 ./STM32_WPAN/Target/hw_ipcc.o
 .bss.StopModeDisable
                0x000000002000039c        0x4 ./Utilities/lpm/tiny_lpm/stm32_lpm.o
 .bss.OffModeDisable
                0x00000000200003a0        0x4 ./Utilities/lpm/tiny_lpm/stm32_lpm.o
 .bss.TaskSet   0x00000000200003a4        0x4 ./Utilities/sequencer/stm32_seq.o
 .bss.EvtSet    0x00000000200003a8        0x4 ./Utilities/sequencer/stm32_seq.o
 .bss.EvtWaited
                0x00000000200003ac        0x4 ./Utilities/sequencer/stm32_seq.o
 .bss.CurrentTaskIdx
                0x00000000200003b0        0x4 ./Utilities/sequencer/stm32_seq.o
 .bss.TaskCb    0x00000000200003b4       0x80 ./Utilities/sequencer/stm32_seq.o
 .bss.TaskPrio  0x0000000020000434       0x10 ./Utilities/sequencer/stm32_seq.o
 *(COMMON)
                0x0000000020000444                . = ALIGN (0x4)
                0x0000000020000444                _ebss = .
                0x0000000020000444                __bss_end__ = _ebss

._user_heap_stack
                0x0000000020000444      0x604 load address 0x0000000008007b40
                0x0000000020000448                . = ALIGN (0x8)
 *fill*         0x0000000020000444        0x4 
                [!provide]                        PROVIDE (end = .)
                0x0000000020000448                PROVIDE (_end = .)
                0x0000000020000648                . = (. + _Min_Heap_Size)
 *fill*         0x0000000020000448      0x200 
                0x0000000020000a48                . = (. + _Min_Stack_Size)
 *fill*         0x0000000020000648      0x400 
                0x0000000020000a48                . = ALIGN (0x8)

/DISCARD/
 libc.a(*)
 libm.a(*)
 libgcc.a(*)

.ARM.attributes
                0x0000000000000000       0x30
 *(.ARM.attributes)
 .ARM.attributes
                0x0000000000000000       0x1e /opt/st/stm32cubeide_1.10.1/plugins/com.st.stm32cube.ide.mcu.externaltools.gnu-tools-for-stm32.10.3-2021.10.linux64_1.0.200.202301161003/tools/bin/../lib/gcc/arm-none-eabi/10.3.1/thumb/v7e-m+fp/hard/crti.o
 .ARM.attributes
                0x000000000000001e       0x34 /opt/st/stm32cubeide_1.10.1/plugins/com.st.stm32cube.ide.mcu.externaltools.gnu-tools-for-stm32.10.3-2021.10.linux64_1.0.200.202301161003/tools/bin/../lib/gcc/arm-none-eabi/10.3.1/thumb/v7e-m+fp/hard/crtbegin.o
 .ARM.attributes
                0x0000000000000052       0x34 ./Core/Src/app_debug.o
 .ARM.attributes
                0x0000000000000086       0x34 ./Core/Src/app_entry.o
 .ARM.attributes
                0x00000000000000ba       0x34 ./Core/Src/hw_timerserver.o
 .ARM.attributes
                0x00000000000000ee       0x34 ./Core/Src/main.o
 .ARM.attributes
                0x0000000000000122       0x34 ./Core/Src/stm32wbxx_hal_msp.o
 .ARM.attributes
                0x0000000000000156       0x34 ./Core/Src/stm32wbxx_it.o
 .ARM.attributes
                0x000000000000018a       0x34 ./Core/Src/system_stm32wbxx.o
 .ARM.attributes
                0x00000000000001be       0x21 ./Core/Startup/startup_stm32wb55rgvx.o
 .ARM.attributes
                0x00000000000001df       0x34 ./Drivers/STM32WBxx_HAL_Driver/Src/stm32wbxx_hal.o
 .ARM.attributes
                0x0000000000000213       0x34 ./Drivers/STM32WBxx_HAL_Driver/Src/stm32wbxx_hal_cortex.o
 .ARM.attributes
                0x0000000000000247       0x34 ./Drivers/STM32WBxx_HAL_Driver/Src/stm32wbxx_hal_gpio.o
 .ARM.attributes
                0x000000000000027b       0x34 ./Drivers/STM32WBxx_HAL_Driver/Src/stm32wbxx_hal_hsem.o
 .ARM.attributes
                0x00000000000002af       0x34 ./Drivers/STM32WBxx_HAL_Driver/Src/stm32wbxx_hal_ipcc.o
 .ARM.attributes
                0x00000000000002e3       0x34 ./Drivers/STM32WBxx_HAL_Driver/Src/stm32wbxx_hal_pwr.o
 .ARM.attributes
                0x0000000000000317       0x34 ./Drivers/STM32WBxx_HAL_Driver/Src/stm32wbxx_hal_pwr_ex.o
 .ARM.attributes
                0x000000000000034b       0x34 ./Drivers/STM32WBxx_HAL_Driver/Src/stm32wbxx_hal_rcc.o
 .ARM.attributes
                0x000000000000037f       0x34 ./Drivers/STM32WBxx_HAL_Driver/Src/stm32wbxx_hal_rcc_ex.o
 .ARM.attributes
                0x00000000000003b3       0x34 ./Drivers/STM32WBxx_HAL_Driver/Src/stm32wbxx_hal_rtc.o
 .ARM.attributes
                0x00000000000003e7       0x34 ./Drivers/STM32WBxx_HAL_Driver/Src/stm32wbxx_hal_rtc_ex.o
 .ARM.attributes
                0x000000000000041b       0x34 ./Middlewares/ST/STM32_WPAN/ble/core/auto/ble_gap_aci.o
 .ARM.attributes
                0x000000000000044f       0x34 ./Middlewares/ST/STM32_WPAN/ble/core/auto/ble_gatt_aci.o
 .ARM.attributes
                0x0000000000000483       0x34 ./Middlewares/ST/STM32_WPAN/ble/core/auto/ble_hal_aci.o
 .ARM.attributes
                0x00000000000004b7       0x34 ./Middlewares/ST/STM32_WPAN/ble/core/auto/ble_hci_le.o
 .ARM.attributes
                0x00000000000004eb       0x34 ./Middlewares/ST/STM32_WPAN/ble/core/template/osal.o
 .ARM.attributes
                0x000000000000051f       0x34 ./Middlewares/ST/STM32_WPAN/ble/svc/Src/svc_ctl.o
 .ARM.attributes
                0x0000000000000553       0x34 ./Middlewares/ST/STM32_WPAN/interface/patterns/ble_thread/shci/shci.o
 .ARM.attributes
                0x0000000000000587       0x34 ./Middlewares/ST/STM32_WPAN/interface/patterns/ble_thread/tl/hci_tl.o
 .ARM.attributes
                0x00000000000005bb       0x34 ./Middlewares/ST/STM32_WPAN/interface/patterns/ble_thread/tl/hci_tl_if.o
 .ARM.attributes
                0x00000000000005ef       0x34 ./Middlewares/ST/STM32_WPAN/interface/patterns/ble_thread/tl/shci_tl.o
 .ARM.attributes
                0x0000000000000623       0x34 ./Middlewares/ST/STM32_WPAN/interface/patterns/ble_thread/tl/shci_tl_if.o
 .ARM.attributes
                0x0000000000000657       0x34 ./Middlewares/ST/STM32_WPAN/interface/patterns/ble_thread/tl/tl_mbox.o
 .ARM.attributes
                0x000000000000068b       0x34 ./Middlewares/ST/STM32_WPAN/utilities/otp.o
 .ARM.attributes
                0x00000000000006bf       0x34 ./Middlewares/ST/STM32_WPAN/utilities/stm_list.o
 .ARM.attributes
                0x00000000000006f3       0x34 ./STM32_WPAN/App/app_ble.o
 .ARM.attributes
                0x0000000000000727       0x34 ./STM32_WPAN/App/custom_app.o
 .ARM.attributes
                0x000000000000075b       0x34 ./STM32_WPAN/App/custom_stm.o
 .ARM.attributes
                0x000000000000078f       0x34 ./STM32_WPAN/Target/hw_ipcc.o
 .ARM.attributes
                0x00000000000007c3       0x34 ./Utilities/lpm/tiny_lpm/stm32_lpm.o
 .ARM.attributes
                0x00000000000007f7       0x34 ./Utilities/sequencer/stm32_seq.o
 .ARM.attributes
                0x000000000000082b       0x34 /opt/st/stm32cubeide_1.10.1/plugins/com.st.stm32cube.ide.mcu.externaltools.gnu-tools-for-stm32.10.3-2021.10.linux64_1.0.200.202301161003/tools/bin/../lib/gcc/arm-none-eabi/10.3.1/../../../../arm-none-eabi/lib/thumb/v7e-m+fp/hard/libc_nano.a(lib_a-init.o)
 .ARM.attributes
                0x000000000000085f       0x34 /opt/st/stm32cubeide_1.10.1/plugins/com.st.stm32cube.ide.mcu.externaltools.gnu-tools-for-stm32.10.3-2021.10.linux64_1.0.200.202301161003/tools/bin/../lib/gcc/arm-none-eabi/10.3.1/../../../../arm-none-eabi/lib/thumb/v7e-m+fp/hard/libc_nano.a(lib_a-memcpy-stub.o)
 .ARM.attributes
                0x0000000000000893       0x34 /opt/st/stm32cubeide_1.10.1/plugins/com.st.stm32cube.ide.mcu.externaltools.gnu-tools-for-stm32.10.3-2021.10.linux64_1.0.200.202301161003/tools/bin/../lib/gcc/arm-none-eabi/10.3.1/../../../../arm-none-eabi/lib/thumb/v7e-m+fp/hard/libc_nano.a(lib_a-memset.o)
 .ARM.attributes
                0x00000000000008c7       0x17 /opt/st/stm32cubeide_1.10.1/plugins/com.st.stm32cube.ide.mcu.externaltools.gnu-tools-for-stm32.10.3-2021.10.linux64_1.0.200.202301161003/tools/bin/../lib/gcc/arm-none-eabi/10.3.1/../../../../arm-none-eabi/lib/thumb/v7e-m+fp/hard/libc_nano.a(lib_a-strlen.o)
 .ARM.attributes
                0x00000000000008de       0x1e /opt/st/stm32cubeide_1.10.1/plugins/com.st.stm32cube.ide.mcu.externaltools.gnu-tools-for-stm32.10.3-2021.10.linux64_1.0.200.202301161003/tools/bin/../lib/gcc/arm-none-eabi/10.3.1/thumb/v7e-m+fp/hard/crtn.o

MAPPING_TABLE   0x0000000020030000       0x28
 *(MAPPING_TABLE)
 MAPPING_TABLE  0x0000000020030000       0x28 ./Middlewares/ST/STM32_WPAN/interface/patterns/ble_thread/tl/tl_mbox.o

MB_MEM1         0x0000000020030028      0x1bb
 *(MB_MEM1)
 MB_MEM1        0x0000000020030028       0xb0 ./Middlewares/ST/STM32_WPAN/interface/patterns/ble_thread/tl/tl_mbox.o
 MB_MEM1        0x00000000200300d8      0x10b ./STM32_WPAN/App/app_ble.o

MB_MEM2         0x00000000200301e4      0x883
                0x00000000200301e4                _sMB_MEM2 = .
 *(MB_MEM2)
 MB_MEM2        0x00000000200301e4       0x12 ./Core/Src/app_debug.o
 *fill*         0x00000000200301f6        0x2 
 MB_MEM2        0x00000000200301f8      0x85e ./Core/Src/app_entry.o
 *fill*         0x0000000020030a56        0x2 
 MB_MEM2        0x0000000020030a58        0xf ./Middlewares/ST/STM32_WPAN/interface/patterns/ble_thread/tl/tl_mbox.o
                0x0000000020030a67                _eMB_MEM2 = .
OUTPUT(12b_ex_1.elf elf32-littlearm)
LOAD linker stubs
LOAD /opt/st/stm32cubeide_1.10.1/plugins/com.st.stm32cube.ide.mcu.externaltools.gnu-tools-for-stm32.10.3-2021.10.linux64_1.0.200.202301161003/tools/bin/../lib/gcc/arm-none-eabi/10.3.1/../../../../arm-none-eabi/lib/thumb/v7e-m+fp/hard/libc.a
LOAD /opt/st/stm32cubeide_1.10.1/plugins/com.st.stm32cube.ide.mcu.externaltools.gnu-tools-for-stm32.10.3-2021.10.linux64_1.0.200.202301161003/tools/bin/../lib/gcc/arm-none-eabi/10.3.1/../../../../arm-none-eabi/lib/thumb/v7e-m+fp/hard/libm.a
LOAD /opt/st/stm32cubeide_1.10.1/plugins/com.st.stm32cube.ide.mcu.externaltools.gnu-tools-for-stm32.10.3-2021.10.linux64_1.0.200.202301161003/tools/bin/../lib/gcc/arm-none-eabi/10.3.1/thumb/v7e-m+fp/hard/libgcc.a

.debug_info     0x0000000000000000    0x24afd
 .debug_info    0x0000000000000000      0xbac ./Core/Src/app_debug.o
 .debug_info    0x0000000000000bac     0x1ee9 ./Core/Src/app_entry.o
 .debug_info    0x0000000000002a95     0x12c1 ./Core/Src/hw_timerserver.o
 .debug_info    0x0000000000003d56     0x1223 ./Core/Src/main.o
 .debug_info    0x0000000000004f79      0xe65 ./Core/Src/stm32wbxx_hal_msp.o
 .debug_info    0x0000000000005dde      0x191 ./Core/Src/stm32wbxx_it.o
 .debug_info    0x0000000000005f6f      0x741 ./Core/Src/system_stm32wbxx.o
 .debug_info    0x00000000000066b0       0x22 ./Core/Startup/startup_stm32wb55rgvx.o
 .debug_info    0x00000000000066d2     0x1379 ./Drivers/STM32WBxx_HAL_Driver/Src/stm32wbxx_hal.o
 .debug_info    0x0000000000007a4b      0xd41 ./Drivers/STM32WBxx_HAL_Driver/Src/stm32wbxx_hal_cortex.o
 .debug_info    0x000000000000878c      0x747 ./Drivers/STM32WBxx_HAL_Driver/Src/stm32wbxx_hal_gpio.o
 .debug_info    0x0000000000008ed3      0x3e5 ./Drivers/STM32WBxx_HAL_Driver/Src/stm32wbxx_hal_hsem.o
 .debug_info    0x00000000000092b8      0x82b ./Drivers/STM32WBxx_HAL_Driver/Src/stm32wbxx_hal_ipcc.o
 .debug_info    0x0000000000009ae3      0x939 ./Drivers/STM32WBxx_HAL_Driver/Src/stm32wbxx_hal_pwr.o
 .debug_info    0x000000000000a41c     0x10e2 ./Drivers/STM32WBxx_HAL_Driver/Src/stm32wbxx_hal_pwr_ex.o
 .debug_info    0x000000000000b4fe     0x15f0 ./Drivers/STM32WBxx_HAL_Driver/Src/stm32wbxx_hal_rcc.o
 .debug_info    0x000000000000caee     0x1d3c ./Drivers/STM32WBxx_HAL_Driver/Src/stm32wbxx_hal_rcc_ex.o
 .debug_info    0x000000000000e82a      0xdd1 ./Drivers/STM32WBxx_HAL_Driver/Src/stm32wbxx_hal_rtc.o
 .debug_info    0x000000000000f5fb     0x1100 ./Drivers/STM32WBxx_HAL_Driver/Src/stm32wbxx_hal_rtc_ex.o
 .debug_info    0x00000000000106fb     0x3826 ./Middlewares/ST/STM32_WPAN/ble/core/auto/ble_gap_aci.o
 .debug_info    0x0000000000013f21     0x32e7 ./Middlewares/ST/STM32_WPAN/ble/core/auto/ble_gatt_aci.o
 .debug_info    0x0000000000017208      0xde6 ./Middlewares/ST/STM32_WPAN/ble/core/auto/ble_hal_aci.o
 .debug_info    0x0000000000017fee     0x42a6 ./Middlewares/ST/STM32_WPAN/ble/core/auto/ble_hci_le.o
 .debug_info    0x000000000001c294      0x1c5 ./Middlewares/ST/STM32_WPAN/ble/core/template/osal.o
 .debug_info    0x000000000001c459      0x4d8 ./Middlewares/ST/STM32_WPAN/ble/svc/Src/svc_ctl.o
 .debug_info    0x000000000001c931     0x1a27 ./Middlewares/ST/STM32_WPAN/interface/patterns/ble_thread/shci/shci.o
 .debug_info    0x000000000001e358      0x9d4 ./Middlewares/ST/STM32_WPAN/interface/patterns/ble_thread/tl/hci_tl.o
 .debug_info    0x000000000001ed2c      0x1f6 ./Middlewares/ST/STM32_WPAN/interface/patterns/ble_thread/tl/hci_tl_if.o
 .debug_info    0x000000000001ef22      0x82d ./Middlewares/ST/STM32_WPAN/interface/patterns/ble_thread/tl/shci_tl.o
 .debug_info    0x000000000001f74f      0x1f8 ./Middlewares/ST/STM32_WPAN/interface/patterns/ble_thread/tl/shci_tl_if.o
 .debug_info    0x000000000001f947      0xe0f ./Middlewares/ST/STM32_WPAN/interface/patterns/ble_thread/tl/tl_mbox.o
 .debug_info    0x0000000000020756       0xd4 ./Middlewares/ST/STM32_WPAN/utilities/otp.o
 .debug_info    0x000000000002082a      0x755 ./Middlewares/ST/STM32_WPAN/utilities/stm_list.o
 .debug_info    0x0000000000020f7f     0x132e ./STM32_WPAN/App/app_ble.o
 .debug_info    0x00000000000222ad      0x4c4 ./STM32_WPAN/App/custom_app.o
 .debug_info    0x0000000000022771      0x72f ./STM32_WPAN/App/custom_stm.o
 .debug_info    0x0000000000022ea0      0xe7d ./STM32_WPAN/Target/hw_ipcc.o
 .debug_info    0x0000000000023d1d      0x3f6 ./Utilities/lpm/tiny_lpm/stm32_lpm.o
 .debug_info    0x0000000000024113      0x9ea ./Utilities/sequencer/stm32_seq.o

.debug_abbrev   0x0000000000000000     0x4f47
 .debug_abbrev  0x0000000000000000      0x24c ./Core/Src/app_debug.o
 .debug_abbrev  0x000000000000024c      0x39d ./Core/Src/app_entry.o
 .debug_abbrev  0x00000000000005e9      0x311 ./Core/Src/hw_timerserver.o
 .debug_abbrev  0x00000000000008fa      0x2e6 ./Core/Src/main.o