../Middlewares/ST/STM32_WPAN/ble/core/auto/ble_events.c:185:13:hci_disconnection_complete_event	16	static
../Middlewares/ST/STM32_WPAN/ble/core/auto/ble_events.c:192:13:hci_disconnection_complete_event_process	24	static
../Middlewares/ST/STM32_WPAN/ble/core/auto/ble_events.c:201:13:hci_encryption_change_event	16	static
../Middlewares/ST/STM32_WPAN/ble/core/auto/ble_events.c:208:13:hci_encryption_change_event_process	24	static
../Middlewares/ST/STM32_WPAN/ble/core/auto/ble_events.c:217:13:hci_read_remote_version_information_complete_event	16	static
../Middlewares/ST/STM32_WPAN/ble/core/auto/ble_events.c:226:13:hci_read_remote_version_information_complete_event_process	40	static
../Middlewares/ST/STM32_WPAN/ble/core/auto/ble_events.c:237:13:hci_hardware_error_event	16	static
../Middlewares/ST/STM32_WPAN/ble/core/auto/ble_events.c:242:13:hci_hardware_error_event_process	24	static
../Middlewares/ST/STM32_WPAN/ble/core/auto/ble_events.c:249:13:hci_number_of_completed_packets_event	16	static
../Middlewares/ST/STM32_WPAN/ble/core/auto/ble_events.c:255:13:hci_number_of_completed_packets_event_process	24	static
../Middlewares/ST/STM32_WPAN/ble/core/auto/ble_events.c:263:13:hci_encryption_key_refresh_complete_event	16	static
../Middlewares/ST/STM32_WPAN/ble/core/auto/ble_events.c:269:13:hci_encryption_key_refresh_complete_event_process	24	static
../Middlewares/ST/STM32_WPAN/ble/core/auto/ble_events.c:277:13:hci_le_connection_complete_event	16	static
../Middlewares/ST/STM32_WPAN/ble/core/auto/ble_events.c:290:13:hci_le_connection_complete_event_process	64	static
../Middlewares/ST/STM32_WPAN/ble/core/auto/ble_events.c:305:13:hci_le_advertising_report_event	16	static
../Middlewares/ST/STM32_WPAN/ble/core/auto/ble_events.c:311:13:hci_le_advertising_report_event_process	40	static
../Middlewares/ST/STM32_WPAN/ble/core/auto/ble_events.c:328:13:hci_le_connection_update_complete_event	16	static
../Middlewares/ST/STM32_WPAN/ble/core/auto/ble_events.c:337:13:hci_le_connection_update_complete_event_process	40	static
../Middlewares/ST/STM32_WPAN/ble/core/auto/ble_events.c:348:13:hci_le_read_remote_features_complete_event	16	static
../Middlewares/ST/STM32_WPAN/ble/core/auto/ble_events.c:355:13:hci_le_read_remote_features_complete_event_process	24	static
../Middlewares/ST/STM32_WPAN/ble/core/auto/ble_events.c:364:13:hci_le_long_term_key_request_event	16	static
../Middlewares/ST/STM32_WPAN/ble/core/auto/ble_events.c:371:13:hci_le_long_term_key_request_event_process	24	static
../Middlewares/ST/STM32_WPAN/ble/core/auto/ble_events.c:380:13:hci_le_data_length_change_event	16	static
../Middlewares/ST/STM32_WPAN/ble/core/auto/ble_events.c:389:13:hci_le_data_length_change_event_process	40	static
../Middlewares/ST/STM32_WPAN/ble/core/auto/ble_events.c:400:13:hci_le_read_local_p256_public_key_complete_event	16	static
../Middlewares/ST/STM32_WPAN/ble/core/auto/ble_events.c:406:13:hci_le_read_local_p256_public_key_complete_event_process	24	static
../Middlewares/ST/STM32_WPAN/ble/core/auto/ble_events.c:414:13:hci_le_generate_dhkey_complete_event	16	static
../Middlewares/ST/STM32_WPAN/ble/core/auto/ble_events.c:420:13:hci_le_generate_dhkey_complete_event_process	24	static
../Middlewares/ST/STM32_WPAN/ble/core/auto/ble_events.c:428:13:hci_le_enhanced_connection_complete_event	16	static
../Middlewares/ST/STM32_WPAN/ble/core/auto/ble_events.c:443:13:hci_le_enhanced_connection_complete_event_process	80	static
../Middlewares/ST/STM32_WPAN/ble/core/auto/ble_events.c:460:13:hci_le_directed_advertising_report_event	16	static
../Middlewares/ST/STM32_WPAN/ble/core/auto/ble_events.c:466:13:hci_le_directed_advertising_report_event_process	24	static
../Middlewares/ST/STM32_WPAN/ble/core/auto/ble_events.c:474:13:hci_le_phy_update_complete_event	16	static
../Middlewares/ST/STM32_WPAN/ble/core/auto/ble_events.c:482:13:hci_le_phy_update_complete_event_process	24	static
../Middlewares/ST/STM32_WPAN/ble/core/auto/ble_events.c:492:13:hci_le_extended_advertising_report_event	16	static
../Middlewares/ST/STM32_WPAN/ble/core/auto/ble_events.c:510:13:hci_le_extended_advertising_report_event_process	96	static
../Middlewares/ST/STM32_WPAN/ble/core/auto/ble_events.c:530:13:hci_le_scan_timeout_event	4	static
../Middlewares/ST/STM32_WPAN/ble/core/auto/ble_events.c:535:13:hci_le_scan_timeout_event_process	16	static
../Middlewares/ST/STM32_WPAN/ble/core/auto/ble_events.c:541:13:hci_le_advertising_set_terminated_event	16	static
../Middlewares/ST/STM32_WPAN/ble/core/auto/ble_events.c:549:13:hci_le_advertising_set_terminated_event_process	24	static
../Middlewares/ST/STM32_WPAN/ble/core/auto/ble_events.c:559:13:hci_le_scan_request_received_event	16	static
../Middlewares/ST/STM32_WPAN/ble/core/auto/ble_events.c:566:13:hci_le_scan_request_received_event_process	24	static
../Middlewares/ST/STM32_WPAN/ble/core/auto/ble_events.c:575:13:hci_le_channel_selection_algorithm_event	16	static
../Middlewares/ST/STM32_WPAN/ble/core/auto/ble_events.c:581:13:hci_le_channel_selection_algorithm_event_process	24	static
../Middlewares/ST/STM32_WPAN/ble/core/auto/ble_events.c:589:13:aci_hal_end_of_radio_activity_event	16	static
../Middlewares/ST/STM32_WPAN/ble/core/auto/ble_events.c:598:13:aci_hal_end_of_radio_activity_event_process	40	static
../Middlewares/ST/STM32_WPAN/ble/core/auto/ble_events.c:609:13:aci_hal_scan_req_report_event	16	static
../Middlewares/ST/STM32_WPAN/ble/core/auto/ble_events.c:616:13:aci_hal_scan_req_report_event_process	24	static
../Middlewares/ST/STM32_WPAN/ble/core/auto/ble_events.c:625:13:aci_hal_fw_error_event	16	static
../Middlewares/ST/STM32_WPAN/ble/core/auto/ble_events.c:632:13:aci_hal_fw_error_event_process	24	static
../Middlewares/ST/STM32_WPAN/ble/core/auto/ble_events.c:641:13:aci_gap_limited_discoverable_event	4	static
../Middlewares/ST/STM32_WPAN/ble/core/auto/ble_events.c:646:13:aci_gap_limited_discoverable_event_process	16	static
../Middlewares/ST/STM32_WPAN/ble/core/auto/ble_events.c:652:13:aci_gap_pairing_complete_event	16	static
../Middlewares/ST/STM32_WPAN/ble/core/auto/ble_events.c:659:13:aci_gap_pairing_complete_event_process	24	static
../Middlewares/ST/STM32_WPAN/ble/core/auto/ble_events.c:668:13:aci_gap_pass_key_req_event	16	static
../Middlewares/ST/STM32_WPAN/ble/core/auto/ble_events.c:673:13:aci_gap_pass_key_req_event_process	24	static
../Middlewares/ST/STM32_WPAN/ble/core/auto/ble_events.c:680:13:aci_gap_authorization_req_event	16	static
../Middlewares/ST/STM32_WPAN/ble/core/auto/ble_events.c:685:13:aci_gap_authorization_req_event_process	24	static
../Middlewares/ST/STM32_WPAN/ble/core/auto/ble_events.c:692:13:aci_gap_slave_security_initiated_event	4	static
../Middlewares/ST/STM32_WPAN/ble/core/auto/ble_events.c:697:13:aci_gap_slave_security_initiated_event_process	16	static
../Middlewares/ST/STM32_WPAN/ble/core/auto/ble_events.c:703:13:aci_gap_bond_lost_event	4	static
../Middlewares/ST/STM32_WPAN/ble/core/auto/ble_events.c:708:13:aci_gap_bond_lost_event_process	16	static
../Middlewares/ST/STM32_WPAN/ble/core/auto/ble_events.c:714:13:aci_gap_proc_complete_event	16	static
../Middlewares/ST/STM32_WPAN/ble/core/auto/ble_events.c:722:13:aci_gap_proc_complete_event_process	24	static
../Middlewares/ST/STM32_WPAN/ble/core/auto/ble_events.c:732:13:aci_gap_addr_not_resolved_event	16	static
../Middlewares/ST/STM32_WPAN/ble/core/auto/ble_events.c:737:13:aci_gap_addr_not_resolved_event_process	24	static
../Middlewares/ST/STM32_WPAN/ble/core/auto/ble_events.c:744:13:aci_gap_numeric_comparison_value_event	16	static
../Middlewares/ST/STM32_WPAN/ble/core/auto/ble_events.c:750:13:aci_gap_numeric_comparison_value_event_process	24	static
../Middlewares/ST/STM32_WPAN/ble/core/auto/ble_events.c:758:13:aci_gap_keypress_notification_event	16	static
../Middlewares/ST/STM32_WPAN/ble/core/auto/ble_events.c:764:13:aci_gap_keypress_notification_event_process	24	static
../Middlewares/ST/STM32_WPAN/ble/core/auto/ble_events.c:772:13:aci_l2cap_connection_update_resp_event	16	static
../Middlewares/ST/STM32_WPAN/ble/core/auto/ble_events.c:778:13:aci_l2cap_connection_update_resp_event_process	24	static
../Middlewares/ST/STM32_WPAN/ble/core/auto/ble_events.c:786:13:aci_l2cap_proc_timeout_event	16	static
../Middlewares/ST/STM32_WPAN/ble/core/auto/ble_events.c:793:13:aci_l2cap_proc_timeout_event_process	24	static
../Middlewares/ST/STM32_WPAN/ble/core/auto/ble_events.c:802:13:aci_l2cap_connection_update_req_event	16	static
../Middlewares/ST/STM32_WPAN/ble/core/auto/ble_events.c:813:13:aci_l2cap_connection_update_req_event_process	56	static
../Middlewares/ST/STM32_WPAN/ble/core/auto/ble_events.c:826:13:aci_l2cap_command_reject_event	16	static
../Middlewares/ST/STM32_WPAN/ble/core/auto/ble_events.c:835:13:aci_l2cap_command_reject_event_process	40	static
../Middlewares/ST/STM32_WPAN/ble/core/auto/ble_events.c:846:13:aci_l2cap_coc_connect_event	16	static
../Middlewares/ST/STM32_WPAN/ble/core/auto/ble_events.c:856:13:aci_l2cap_coc_connect_event_process	40	static
../Middlewares/ST/STM32_WPAN/ble/core/auto/ble_events.c:868:13:aci_l2cap_coc_connect_confirm_event	16	static
../Middlewares/ST/STM32_WPAN/ble/core/auto/ble_events.c:879:13:aci_l2cap_coc_connect_confirm_event_process	56	static
../Middlewares/ST/STM32_WPAN/ble/core/auto/ble_events.c:892:13:aci_l2cap_coc_reconf_event	16	static
../Middlewares/ST/STM32_WPAN/ble/core/auto/ble_events.c:901:13:aci_l2cap_coc_reconf_event_process	40	static
../Middlewares/ST/STM32_WPAN/ble/core/auto/ble_events.c:912:13:aci_l2cap_coc_reconf_confirm_event	16	static
../Middlewares/ST/STM32_WPAN/ble/core/auto/ble_events.c:918:13:aci_l2cap_coc_reconf_confirm_event_process	24	static
../Middlewares/ST/STM32_WPAN/ble/core/auto/ble_events.c:926:13:aci_l2cap_coc_disconnect_event	16	static
../Middlewares/ST/STM32_WPAN/ble/core/auto/ble_events.c:931:13:aci_l2cap_coc_disconnect_event_process	24	static
../Middlewares/ST/STM32_WPAN/ble/core/auto/ble_events.c:938:13:aci_l2cap_coc_flow_control_event	16	static
../Middlewares/ST/STM32_WPAN/ble/core/auto/ble_events.c:944:13:aci_l2cap_coc_flow_control_event_process	24	static
../Middlewares/ST/STM32_WPAN/ble/core/auto/ble_events.c:952:13:aci_l2cap_coc_rx_data_event	16	static
../Middlewares/ST/STM32_WPAN/ble/core/auto/ble_events.c:959:13:aci_l2cap_coc_rx_data_event_process	24	static
../Middlewares/ST/STM32_WPAN/ble/core/auto/ble_events.c:968:13:aci_l2cap_coc_tx_pool_available_event	4	static
../Middlewares/ST/STM32_WPAN/ble/core/auto/ble_events.c:973:13:aci_l2cap_coc_tx_pool_available_event_process	16	static
../Middlewares/ST/STM32_WPAN/ble/core/auto/ble_events.c:979:13:aci_gatt_attribute_modified_event	16	static
../Middlewares/ST/STM32_WPAN/ble/core/auto/ble_events.c:988:13:aci_gatt_attribute_modified_event_process	40	static
../Middlewares/ST/STM32_WPAN/ble/core/auto/ble_events.c:999:13:aci_gatt_proc_timeout_event	16	static
../Middlewares/ST/STM32_WPAN/ble/core/auto/ble_events.c:1004:13:aci_gatt_proc_timeout_event_process	24	static
../Middlewares/ST/STM32_WPAN/ble/core/auto/ble_events.c:1011:13:aci_att_exchange_mtu_resp_event	16	static
../Middlewares/ST/STM32_WPAN/ble/core/auto/ble_events.c:1017:13:aci_att_exchange_mtu_resp_event_process	24	static
../Middlewares/ST/STM32_WPAN/ble/core/auto/ble_events.c:1025:13:aci_att_find_info_resp_event	16	static
../Middlewares/ST/STM32_WPAN/ble/core/auto/ble_events.c:1033:13:aci_att_find_info_resp_event_process	24	static
../Middlewares/ST/STM32_WPAN/ble/core/auto/ble_events.c:1043:13:aci_att_find_by_type_value_resp_event	16	static
../Middlewares/ST/STM32_WPAN/ble/core/auto/ble_events.c:1050:13:aci_att_find_by_type_value_resp_event_process	24	static
../Middlewares/ST/STM32_WPAN/ble/core/auto/ble_events.c:1059:13:aci_att_read_by_type_resp_event	16	static
../Middlewares/ST/STM32_WPAN/ble/core/auto/ble_events.c:1067:13:aci_att_read_by_type_resp_event_process	24	static
../Middlewares/ST/STM32_WPAN/ble/core/auto/ble_events.c:1077:13:aci_att_read_resp_event	16	static
../Middlewares/ST/STM32_WPAN/ble/core/auto/ble_events.c:1084:13:aci_att_read_resp_event_process	24	static
../Middlewares/ST/STM32_WPAN/ble/core/auto/ble_events.c:1093:13:aci_att_read_blob_resp_event	16	static
../Middlewares/ST/STM32_WPAN/ble/core/auto/ble_events.c:1100:13:aci_att_read_blob_resp_event_process	24	static
../Middlewares/ST/STM32_WPAN/ble/core/auto/ble_events.c:1109:13:aci_att_read_multiple_resp_event	16	static
../Middlewares/ST/STM32_WPAN/ble/core/auto/ble_events.c:1116:13:aci_att_read_multiple_resp_event_process	24	static
../Middlewares/ST/STM32_WPAN/ble/core/auto/ble_events.c:1125:13:aci_att_read_by_group_type_resp_event	16	static
../Middlewares/ST/STM32_WPAN/ble/core/auto/ble_events.c:1133:13:aci_att_read_by_group_type_resp_event_process	24	static
../Middlewares/ST/STM32_WPAN/ble/core/auto/ble_events.c:1143:13:aci_att_prepare_write_resp_event	16	static
../Middlewares/ST/STM32_WPAN/ble/core/auto/ble_events.c:1152:13:aci_att_prepare_write_resp_event_process	40	static
../Middlewares/ST/STM32_WPAN/ble/core/auto/ble_events.c:1163:13:aci_att_exec_write_resp_event	16	static
../Middlewares/ST/STM32_WPAN/ble/core/auto/ble_events.c:1168:13:aci_att_exec_write_resp_event_process	24	static
../Middlewares/ST/STM32_WPAN/ble/core/auto/ble_events.c:1175:13:aci_gatt_indication_event	24	static
../Middlewares/ST/STM32_WPAN/ble/core/auto/ble_events.c:1183:13:aci_gatt_indication_event_process	24	static
../Middlewares/ST/STM32_WPAN/ble/core/auto/ble_events.c:1193:13:aci_gatt_notification_event	24	static
../Middlewares/ST/STM32_WPAN/ble/core/auto/ble_events.c:1201:13:aci_gatt_notification_event_process	24	static
../Middlewares/ST/STM32_WPAN/ble/core/auto/ble_events.c:1211:13:aci_gatt_proc_complete_event	16	static
../Middlewares/ST/STM32_WPAN/ble/core/auto/ble_events.c:1217:13:aci_gatt_proc_complete_event_process	24	static
../Middlewares/ST/STM32_WPAN/ble/core/auto/ble_events.c:1225:13:aci_gatt_error_resp_event	16	static
../Middlewares/ST/STM32_WPAN/ble/core/auto/ble_events.c:1233:13:aci_gatt_error_resp_event_process	24	static
../Middlewares/ST/STM32_WPAN/ble/core/auto/ble_events.c:1243:13:aci_gatt_disc_read_char_by_uuid_resp_event	24	static
../Middlewares/ST/STM32_WPAN/ble/core/auto/ble_events.c:1251:13:aci_gatt_disc_read_char_by_uuid_resp_event_process	24	static
../Middlewares/ST/STM32_WPAN/ble/core/auto/ble_events.c:1261:13:aci_gatt_write_permit_req_event	24	static
../Middlewares/ST/STM32_WPAN/ble/core/auto/ble_events.c:1269:13:aci_gatt_write_permit_req_event_process	24	static
../Middlewares/ST/STM32_WPAN/ble/core/auto/ble_events.c:1279:13:aci_gatt_read_permit_req_event	16	static
../Middlewares/ST/STM32_WPAN/ble/core/auto/ble_events.c:1286:13:aci_gatt_read_permit_req_event_process	24	static
../Middlewares/ST/STM32_WPAN/ble/core/auto/ble_events.c:1295:13:aci_gatt_read_multi_permit_req_event	16	static
../Middlewares/ST/STM32_WPAN/ble/core/auto/ble_events.c:1302:13:aci_gatt_read_multi_permit_req_event_process	24	static
../Middlewares/ST/STM32_WPAN/ble/core/auto/ble_events.c:1311:13:aci_gatt_tx_pool_available_event	16	static
../Middlewares/ST/STM32_WPAN/ble/core/auto/ble_events.c:1317:13:aci_gatt_tx_pool_available_event_process	24	static
../Middlewares/ST/STM32_WPAN/ble/core/auto/ble_events.c:1325:13:aci_gatt_server_confirmation_event	16	static
../Middlewares/ST/STM32_WPAN/ble/core/auto/ble_events.c:1330:13:aci_gatt_server_confirmation_event_process	24	static
../Middlewares/ST/STM32_WPAN/ble/core/auto/ble_events.c:1337:13:aci_gatt_prepare_write_permit_req_event	16	static
../Middlewares/ST/STM32_WPAN/ble/core/auto/ble_events.c:1346:13:aci_gatt_prepare_write_permit_req_event_process	40	static
../Middlewares/ST/STM32_WPAN/ble/core/auto/ble_events.c:1357:13:aci_gatt_read_ext_event	24	static
../Middlewares/ST/STM32_WPAN/ble/core/auto/ble_events.c:1365:13:aci_gatt_read_ext_event_process	24	static
../Middlewares/ST/STM32_WPAN/ble/core/auto/ble_events.c:1375:13:aci_gatt_indication_ext_event	16	static
../Middlewares/ST/STM32_WPAN/ble/core/auto/ble_events.c:1384:13:aci_gatt_indication_ext_event_process	40	static
../Middlewares/ST/STM32_WPAN/ble/core/auto/ble_events.c:1395:13:aci_gatt_notification_ext_event	16	static
../Middlewares/ST/STM32_WPAN/ble/core/auto/ble_events.c:1404:13:aci_gatt_notification_ext_event_process	40	static
